Archive member included to satisfy reference by file (symbol)

.build/obj_temuboard_default/i2c_master.a(i2c_master.o)
                              .build/obj_temuboard_default/oled_driver.o (symbol from plugin) (i2c_init)
C:/QMK_MSYS/opt/qmk/bin/../lib/gcc/arm-none-eabi/15.2.0/thumb/v7e-m+fp/hard\libgcc.a(_aeabi_uldivmod.o)
                              .build/obj_temuboard_default/i2c_master.a(i2c_master.o) (__aeabi_uldivmod)
C:/QMK_MSYS/opt/qmk/bin/../lib/gcc/arm-none-eabi/15.2.0/thumb/v7e-m+fp/hard\libgcc.a(_udivmoddi4.o)
                              C:/QMK_MSYS/opt/qmk/bin/../lib/gcc/arm-none-eabi/15.2.0/thumb/v7e-m+fp/hard\libgcc.a(_aeabi_uldivmod.o) (__udivmoddi4)
C:/QMK_MSYS/opt/qmk/bin/../lib/gcc/arm-none-eabi/15.2.0/thumb/v7e-m+fp/hard\libgcc.a(_dvmd_tls.o)
                              C:/QMK_MSYS/opt/qmk/bin/../lib/gcc/arm-none-eabi/15.2.0/thumb/v7e-m+fp/hard\libgcc.a(_aeabi_uldivmod.o) (__aeabi_ldiv0)
C:/QMK_MSYS/opt/qmk/bin/../lib/gcc/arm-none-eabi/15.2.0/../../../../arm-none-eabi/lib/thumb/v7e-m+fp/hard\libc_nano.a(libc_a-rand.o)
                              .build/obj_temuboard_default/quantum/send_string/send_string.o (symbol from plugin) (rand)
C:/QMK_MSYS/opt/qmk/bin/../lib/gcc/arm-none-eabi/15.2.0/../../../../arm-none-eabi/lib/thumb/v7e-m+fp/hard\libc_nano.a(libc_a-ctype_.o)
                              .build/obj_temuboard_default/quantum/send_string/send_string.o (symbol from plugin) (_ctype_)
C:/QMK_MSYS/opt/qmk/bin/../lib/gcc/arm-none-eabi/15.2.0/../../../../arm-none-eabi/lib/thumb/v7e-m+fp/hard\libc_nano.a(libc_a-impure.o)
                              C:/QMK_MSYS/opt/qmk/bin/../lib/gcc/arm-none-eabi/15.2.0/../../../../arm-none-eabi/lib/thumb/v7e-m+fp/hard\libc_nano.a(libc_a-rand.o) (_impure_ptr)
C:/QMK_MSYS/opt/qmk/bin/../lib/gcc/arm-none-eabi/15.2.0/../../../../arm-none-eabi/lib/thumb/v7e-m+fp/hard\libc_nano.a(libc_a-errno.o)
                              .build/obj_temuboard_default/platforms/chibios/syscall-fallbacks.o (symbol from plugin) (__errno)
C:/QMK_MSYS/opt/qmk/bin/../lib/gcc/arm-none-eabi/15.2.0/../../../../arm-none-eabi/lib/thumb/v7e-m+fp/hard\libc_nano.a(libc_a-assert.o)
                              C:/QMK_MSYS/opt/qmk/bin/../lib/gcc/arm-none-eabi/15.2.0/../../../../arm-none-eabi/lib/thumb/v7e-m+fp/hard\libc_nano.a(libc_a-rand.o) (__assert_func)
C:/QMK_MSYS/opt/qmk/bin/../lib/gcc/arm-none-eabi/15.2.0/../../../../arm-none-eabi/lib/thumb/v7e-m+fp/hard\libc_nano.a(libc_a-malloc.o)
                              C:/QMK_MSYS/opt/qmk/bin/../lib/gcc/arm-none-eabi/15.2.0/../../../../arm-none-eabi/lib/thumb/v7e-m+fp/hard\libc_nano.a(libc_a-rand.o) (malloc)
C:/QMK_MSYS/opt/qmk/bin/../lib/gcc/arm-none-eabi/15.2.0/../../../../arm-none-eabi/lib/thumb/v7e-m+fp/hard\libc_nano.a(libc_a-mallocr.o)
                              C:/QMK_MSYS/opt/qmk/bin/../lib/gcc/arm-none-eabi/15.2.0/../../../../arm-none-eabi/lib/thumb/v7e-m+fp/hard\libc_nano.a(libc_a-malloc.o) (_malloc_r)
C:/QMK_MSYS/opt/qmk/bin/../lib/gcc/arm-none-eabi/15.2.0/../../../../arm-none-eabi/lib/thumb/v7e-m+fp/hard\libc_nano.a(libc_a-mlock.o)
                              C:/QMK_MSYS/opt/qmk/bin/../lib/gcc/arm-none-eabi/15.2.0/../../../../arm-none-eabi/lib/thumb/v7e-m+fp/hard\libc_nano.a(libc_a-mallocr.o) (__malloc_lock)
C:/QMK_MSYS/opt/qmk/bin/../lib/gcc/arm-none-eabi/15.2.0/../../../../arm-none-eabi/lib/thumb/v7e-m+fp/hard\libc_nano.a(libc_a-fprintf.o)
                              C:/QMK_MSYS/opt/qmk/bin/../lib/gcc/arm-none-eabi/15.2.0/../../../../arm-none-eabi/lib/thumb/v7e-m+fp/hard\libc_nano.a(libc_a-assert.o) (fiprintf)
C:/QMK_MSYS/opt/qmk/bin/../lib/gcc/arm-none-eabi/15.2.0/../../../../arm-none-eabi/lib/thumb/v7e-m+fp/hard\libc_nano.a(libc_a-abort.o)
                              C:/QMK_MSYS/opt/qmk/bin/../lib/gcc/arm-none-eabi/15.2.0/../../../../arm-none-eabi/lib/thumb/v7e-m+fp/hard\libc_nano.a(libc_a-assert.o) (abort)
C:/QMK_MSYS/opt/qmk/bin/../lib/gcc/arm-none-eabi/15.2.0/../../../../arm-none-eabi/lib/thumb/v7e-m+fp/hard\libc_nano.a(libc_a-freer.o)
                              C:/QMK_MSYS/opt/qmk/bin/../lib/gcc/arm-none-eabi/15.2.0/../../../../arm-none-eabi/lib/thumb/v7e-m+fp/hard\libc_nano.a(libc_a-malloc.o) (_free_r)
C:/QMK_MSYS/opt/qmk/bin/../lib/gcc/arm-none-eabi/15.2.0/../../../../arm-none-eabi/lib/thumb/v7e-m+fp/hard\libc_nano.a(libc_a-nano-vfprintf.o)
                              C:/QMK_MSYS/opt/qmk/bin/../lib/gcc/arm-none-eabi/15.2.0/../../../../arm-none-eabi/lib/thumb/v7e-m+fp/hard\libc_nano.a(libc_a-fprintf.o) (_vfprintf_r)
C:/QMK_MSYS/opt/qmk/bin/../lib/gcc/arm-none-eabi/15.2.0/../../../../arm-none-eabi/lib/thumb/v7e-m+fp/hard\libc_nano.a(libc_a-nano-vfprintf_i.o)
                              C:/QMK_MSYS/opt/qmk/bin/../lib/gcc/arm-none-eabi/15.2.0/../../../../arm-none-eabi/lib/thumb/v7e-m+fp/hard\libc_nano.a(libc_a-nano-vfprintf.o) (_printf_i)
[...]
Memory Configuration

Name             Origin             Length             Attributes
flash0           0x08000000         0x00004000         xr
flash1           0x08004000         0x00004000         xr
flash2           0x08008000         0x000f8000         xr
flash3           0x00000000         0x00000000         xr
flash4           0x00000000         0x00000000         xr
flash5           0x00000000         0x00000000         xr
flash6           0x00000000         0x00000000         xr
flash7           0x00000000         0x00000000         xr
ram0             0x20000000         0x00020000         xw
ram1             0x20000000         0x0001c000         xw
ram2             0x2001c000         0x00004000         xw
ram3             0x00000000         0x00000000         xw
ram4             0x10000000         0x00010000         xw
ram5             0x40024000         0x00001000         xw
ram6             0x00000000         0x00000000         xw
ram7             0x00000000         0x00000000         xw
*default*        0x00000000         0xffffffff

Linker script and memory map

LOAD .build/obj_temuboard_default/.build/obj_temuboard_default/src/default_keyboard.o
LOAD C:\QMK_MSYS\tmp\ccoXnUTa.ltrans0.ltrans.o
LOAD .build/obj_temuboard_default/quantum/keymap_introspection.o
LOAD .build/obj_temuboard_default/quantum/quantum.o
LOAD .build/obj_temuboard_default/quantum/bitwise.o
LOAD .build/obj_temuboard_default/quantum/led.o
LOAD .build/obj_temuboard_default/quantum/action.o
LOAD .build/obj_temuboard_default/quantum/action_layer.o
LOAD .build/obj_temuboard_default/quantum/action_tapping.o
LOAD .build/obj_temuboard_default/quantum/action_util.o
LOAD .build/obj_temuboard_default/quantum/eeconfig.o
LOAD .build/obj_temuboard_default/quantum/keyboard.o
LOAD .build/obj_temuboard_default/quantum/keymap_common.o
LOAD .build/obj_temuboard_default/quantum/keycode_config.o
LOAD .build/obj_temuboard_default/quantum/sync_timer.o
LOAD .build/obj_temuboard_default/quantum/logging/debug.o
LOAD .build/obj_temuboard_default/quantum/logging/sendchar.o
LOAD .build/obj_temuboard_default/quantum/process_keycode/process_default_layer.o
LOAD .build/obj_temuboard_default/quantum/process_keycode/process_oneshot.o
LOAD .build/obj_temuboard_default/quantum/process_keycode/process_quantum.o
LOAD .build/obj_temuboard_default/nvm_eeconfig.o
LOAD .build/obj_temuboard_default/quantum/logging/print.o
LOAD .build/obj_temuboard_default/quantum/matrix_common.o
LOAD .build/obj_temuboard_default/quantum/matrix.o
LOAD .build/obj_temuboard_default/quantum/debounce/sym_defer_g.o
LOAD .build/obj_temuboard_default/quantum/main.o
LOAD .build/obj_temuboard_default/printf.o
LOAD .build/obj_temuboard_default/eeprom_driver.o
LOAD .build/obj_temuboard_default/eeprom_wear_leveling.o
LOAD .build/obj_temuboard_default/wear_leveling.o
LOAD .build/obj_temuboard_default/wear_leveling_efl.o
LOAD .build/obj_temuboard_default/qmk_fnv_type_validation.o
LOAD .build/obj_temuboard_default/hash_32a.o
LOAD .build/obj_temuboard_default/hash_64a.o
LOAD .build/obj_temuboard_default/oled_driver.o
LOAD .build/obj_temuboard_default/quantum/encoder.o
LOAD .build/obj_temuboard_default/encoder_quadrature.o
LOAD .build/obj_temuboard_default/quantum/bootmagic/bootmagic.o
LOAD .build/obj_temuboard_default/quantum/process_keycode/process_grave_esc.o
LOAD .build/obj_temuboard_default/quantum/process_keycode/process_key_override.o
LOAD .build/obj_temuboard_default/quantum/process_keycode/process_magic.o
LOAD .build/obj_temuboard_default/quantum/mousekey.o
LOAD .build/obj_temuboard_default/quantum/send_string/send_string.o
LOAD .build/obj_temuboard_default/quantum/process_keycode/process_space_cadet.o
LOAD .build/obj_temuboard_default/protocol/host.o
LOAD .build/obj_temuboard_default/protocol/report.o
LOAD .build/obj_temuboard_default/protocol/usb_device_state.o
LOAD .build/obj_temuboard_default/protocol/usb_util.o
LOAD .build/obj_temuboard_default/platforms/suspend.o
LOAD .build/obj_temuboard_default/platforms/synchronization_util.o
LOAD .build/obj_temuboard_default/platforms/timer.o
LOAD .build/obj_temuboard_default/platforms/chibios/hardware_id.o
LOAD .build/obj_temuboard_default/platforms/chibios/platform.o
LOAD .build/obj_temuboard_default/platforms/chibios/suspend.o
LOAD .build/obj_temuboard_default/platforms/chibios/timer.o
LOAD .build/obj_temuboard_default/platforms/chibios/bootloaders/stm32_dfu.o
LOAD .build/obj_temuboard_default/i2c_master.a
LOAD .build/obj_temuboard_default/./lib/chibios/os/common/startup/ARMCMx/compilers/GCC/crt0_v7m.o
LOAD .build/obj_temuboard_default/./lib/chibios/os/common/startup/ARMCMx/compilers/GCC/vectors.o
LOAD .build/obj_temuboard_default/./lib/chibios/os/common/ports/ARMv7-M/compilers/GCC/chcoreasm.o
LOAD .build/obj_temuboard_default/protocol/chibios/usb_main.o
LOAD .build/obj_temuboard_default/protocol/chibios/chibios.o
LOAD .build/obj_temuboard_default/usb_descriptor.o
LOAD .build/obj_temuboard_default/protocol/chibios/usb_driver.o
LOAD .build/obj_temuboard_default/protocol/chibios/usb_endpoints.o
LOAD .build/obj_temuboard_default/protocol/chibios/usb_report_handling.o
LOAD .build/obj_temuboard_default/protocol/chibios/usb_util.o
LOAD .build/obj_temuboard_default/lib/chibios/os/common/startup/ARMCMx/compilers/GCC/crt1.o
LOAD .build/obj_temuboard_default/lib/chibios/os/rt/src/chsys.o
LOAD .build/obj_temuboard_default/lib/chibios/os/rt/src/chrfcu.o
LOAD .build/obj_temuboard_default/lib/chibios/os/rt/src/chdebug.o
LOAD .build/obj_temuboard_default/lib/chibios/os/rt/src/chtrace.o
LOAD .build/obj_temuboard_default/lib/chibios/os/rt/src/chvt.o
LOAD .build/obj_temuboard_default/lib/chibios/os/rt/src/chschd.o
LOAD .build/obj_temuboard_default/lib/chibios/os/rt/src/chinstances.o
LOAD .build/obj_temuboard_default/lib/chibios/os/rt/src/chthreads.o
LOAD .build/obj_temuboard_default/lib/chibios/os/rt/src/chtm.o
LOAD .build/obj_temuboard_default/lib/chibios/os/rt/src/chstats.o
LOAD .build/obj_temuboard_default/lib/chibios/os/rt/src/chregistry.o
LOAD .build/obj_temuboard_default/lib/chibios/os/rt/src/chsem.o
LOAD .build/obj_temuboard_default/lib/chibios/os/rt/src/chmtx.o
LOAD .build/obj_temuboard_default/lib/chibios/os/rt/src/chcond.o
LOAD .build/obj_temuboard_default/lib/chibios/os/rt/src/chevents.o
LOAD .build/obj_temuboard_default/lib/chibios/os/rt/src/chmsg.o
LOAD .build/obj_temuboard_default/lib/chibios/os/rt/src/chdynamic.o
LOAD .build/obj_temuboard_default/lib/chibios/os/common/ports/ARMv7-M/chcore.o
LOAD .build/obj_temuboard_default/lib/chibios/os/hal/osal/rt-nil/osal.o
LOAD .build/obj_temuboard_default/lib/chibios/os/oslib/src/chmboxes.o
LOAD .build/obj_temuboard_default/lib/chibios/os/oslib/src/chmemcore.o
LOAD .build/obj_temuboard_default/lib/chibios/os/oslib/src/chmemheaps.o
LOAD .build/obj_temuboard_default/lib/chibios/os/oslib/src/chmempools.o
LOAD .build/obj_temuboard_default/lib/chibios/os/oslib/src/chpipes.o
LOAD .build/obj_temuboard_default/lib/chibios/os/oslib/src/chobjcaches.o
LOAD .build/obj_temuboard_default/lib/chibios/os/oslib/src/chdelegates.o
LOAD .build/obj_temuboard_default/lib/chibios/os/oslib/src/chfactory.o
LOAD .build/obj_temuboard_default/lib/chibios/os/hal/src/hal.o
LOAD .build/obj_temuboard_default/lib/chibios/os/hal/src/hal_safety.o
LOAD .build/obj_temuboard_default/lib/chibios/os/hal/src/hal_st.o
LOAD .build/obj_temuboard_default/lib/chibios/os/hal/src/hal_buffers.o
LOAD .build/obj_temuboard_default/lib/chibios/os/hal/src/hal_queues.o
LOAD .build/obj_temuboard_default/lib/chibios/os/hal/src/hal_mmcsd.o
LOAD .build/obj_temuboard_default/lib/chibios/os/hal/src/hal_adc.o
LOAD .build/obj_temuboard_default/lib/chibios/os/hal/src/hal_can.o
LOAD .build/obj_temuboard_default/lib/chibios/os/hal/src/hal_crypto.o
LOAD .build/obj_temuboard_default/lib/chibios/os/hal/src/hal_dac.o
LOAD .build/obj_temuboard_default/lib/chibios/os/hal/src/hal_efl.o
LOAD .build/obj_temuboard_default/lib/chibios/os/hal/src/hal_gpt.o
LOAD .build/obj_temuboard_default/lib/chibios/os/hal/src/hal_i2c.o
LOAD .build/obj_temuboard_default/lib/chibios/os/hal/src/hal_i2s.o
LOAD .build/obj_temuboard_default/lib/chibios/os/hal/src/hal_icu.o
LOAD .build/obj_temuboard_default/lib/chibios/os/hal/src/hal_mac.o
LOAD .build/obj_temuboard_default/lib/chibios/os/hal/src/hal_mmc_spi.o
LOAD .build/obj_temuboard_default/lib/chibios/os/hal/src/hal_pal.o
LOAD .build/obj_temuboard_default/lib/chibios/os/hal/src/hal_pwm.o
LOAD .build/obj_temuboard_default/lib/chibios/os/hal/src/hal_rtc.o
LOAD .build/obj_temuboard_default/lib/chibios/os/hal/src/hal_sdc.o
LOAD .build/obj_temuboard_default/lib/chibios/os/hal/src/hal_serial.o
LOAD .build/obj_temuboard_default/lib/chibios/os/hal/src/hal_serial_usb.o
LOAD .build/obj_temuboard_default/lib/chibios/os/hal/src/hal_sio.o
LOAD .build/obj_temuboard_default/lib/chibios/os/hal/src/hal_spi.o
LOAD .build/obj_temuboard_default/lib/chibios/os/hal/src/hal_trng.o
LOAD .build/obj_temuboard_default/lib/chibios/os/hal/src/hal_uart.o
LOAD .build/obj_temuboard_default/lib/chibios/os/hal/src/hal_usb.o
LOAD .build/obj_temuboard_default/lib/chibios/os/hal/src/hal_wdg.o
LOAD .build/obj_temuboard_default/lib/chibios/os/hal/src/hal_wspi.o
LOAD .build/obj_temuboard_default/lib/chibios/os/hal/src/hal_flash.o
LOAD .build/obj_temuboard_default/lib/chibios/os/hal/ports/common/ARMCMx/nvic.o
LOAD .build/obj_temuboard_default/lib/chibios/os/hal/ports/STM32/STM32F4xx/stm32_isr.o
LOAD .build/obj_temuboard_default/lib/chibios/os/hal/ports/STM32/STM32F4xx/hal_lld.o
LOAD .build/obj_temuboard_default/lib/chibios/os/hal/ports/STM32/STM32F4xx/hal_efl_lld.o
LOAD .build/obj_temuboard_default/lib/chibios/os/hal/ports/STM32/LLD/ADCv2/hal_adc_lld.o
LOAD .build/obj_temuboard_default/lib/chibios/os/hal/ports/STM32/LLD/CANv1/hal_can_lld.o
LOAD .build/obj_temuboard_default/lib/chibios/os/hal/ports/STM32/LLD/CRYPv1/hal_crypto_lld.o
LOAD .build/obj_temuboard_default/lib/chibios/os/hal/ports/STM32/LLD/DACv1/hal_dac_lld.o
LOAD .build/obj_temuboard_default/lib/chibios/os/hal/ports/STM32/LLD/DMAv2/stm32_dma.o
LOAD .build/obj_temuboard_default/lib/chibios/os/hal/ports/STM32/LLD/EXTIv1/stm32_exti.o
LOAD .build/obj_temuboard_default/lib/chibios/os/hal/ports/STM32/LLD/GPIOv2/hal_pal_lld.o
LOAD .build/obj_temuboard_default/lib/chibios/os/hal/ports/STM32/LLD/I2Cv1/hal_i2c_lld.o
LOAD .build/obj_temuboard_default/lib/chibios/os/hal/ports/STM32/LLD/MACv1/hal_mac_lld.o
LOAD .build/obj_temuboard_default/lib/chibios/os/hal/ports/STM32/LLD/OTGv1/hal_usb_lld.o
LOAD .build/obj_temuboard_default/lib/chibios/os/hal/ports/STM32/LLD/QUADSPIv1/hal_wspi_lld.o
LOAD .build/obj_temuboard_default/lib/chibios/os/hal/ports/STM32/LLD/RTCv2/hal_rtc_lld.o
LOAD .build/obj_temuboard_default/lib/chibios/os/hal/ports/STM32/LLD/SPIv1/hal_i2s_lld.o
LOAD .build/obj_temuboard_default/lib/chibios/os/hal/ports/STM32/LLD/SPIv1/hal_spi_v2_lld.o
LOAD .build/obj_temuboard_default/lib/chibios/os/hal/ports/STM32/LLD/SDIOv1/hal_sdc_lld.o
LOAD .build/obj_temuboard_default/lib/chibios/os/hal/ports/STM32/LLD/SYSTICKv1/hal_st_lld.o
LOAD .build/obj_temuboard_default/lib/chibios/os/hal/ports/STM32/LLD/TIMv1/hal_gpt_lld.o
LOAD .build/obj_temuboard_default/lib/chibios/os/hal/ports/STM32/LLD/TIMv1/hal_icu_lld.o
LOAD .build/obj_temuboard_default/lib/chibios/os/hal/ports/STM32/LLD/TIMv1/hal_pwm_lld.o
LOAD .build/obj_temuboard_default/lib/chibios/os/hal/ports/STM32/LLD/USARTv1/hal_serial_lld.o
LOAD .build/obj_temuboard_default/lib/chibios/os/hal/ports/STM32/LLD/USARTv1/hal_uart_lld.o
LOAD .build/obj_temuboard_default/lib/chibios/os/hal/ports/STM32/LLD/xWDGv1/hal_wdg_lld.o
LOAD .build/obj_temuboard_default/lib/chibios/os/hal/boards/ST_STM32F4_DISCOVERY/board.o
LOAD .build/obj_temuboard_default/lib/chibios/os/hal/lib/streams/chprintf.o
LOAD .build/obj_temuboard_default/lib/chibios/os/hal/lib/streams/chscanf.o
LOAD .build/obj_temuboard_default/lib/chibios/os/hal/lib/streams/memstreams.o
LOAD .build/obj_temuboard_default/lib/chibios/os/hal/lib/streams/nullstreams.o
LOAD .build/obj_temuboard_default/lib/chibios/os/hal/lib/streams/bufstreams.o
LOAD .build/obj_temuboard_default/lib/chibios/os/various/newlib_bindings/syscalls.o
LOAD .build/obj_temuboard_default/platforms/chibios/syscall-fallbacks.o
LOAD .build/obj_temuboard_default/platforms/chibios/wait.o
LOAD .build/obj_temuboard_default/platforms/chibios/synchronization_util.o
LOAD .build/obj_temuboard_default/platforms/chibios/interrupt_handlers.o
                0x00000800                        __process_stack_size__ = 0x800
                0x00000400                        __main_stack_size__ = 0x400
LOAD C:/QMK_MSYS/opt/qmk/bin/../lib/gcc/arm-none-eabi/15.2.0/../../../../arm-none-eabi/lib/thumb/v7e-m+fp/hard\libm_nano.a
START GROUP
LOAD C:/QMK_MSYS/opt/qmk/bin/../lib/gcc/arm-none-eabi/15.2.0/thumb/v7e-m+fp/hard\libgcc.a
LOAD C:/QMK_MSYS/opt/qmk/bin/../lib/gcc/arm-none-eabi/15.2.0/../../../../arm-none-eabi/lib/thumb/v7e-m+fp/hard\libc_nano.a
END GROUP
START GROUP
LOAD C:/QMK_MSYS/opt/qmk/bin/../lib/gcc/arm-none-eabi/15.2.0/thumb/v7e-m+fp/hard\libgcc.a
LOAD C:/QMK_MSYS/opt/qmk/bin/../lib/gcc/arm-none-eabi/15.2.0/../../../../arm-none-eabi/lib/thumb/v7e-m+fp/hard\libc_nano.a
END GROUP
                0x00100000                        f4xx_flash_size = 0x100000
                0x0001c000                        f4xx_ram1_size = 0x1c000
                0x00004000                        f4xx_ram2_size = 0x4000
                0x00010000                        f4xx_ram4_size = 0x10000
                0x00001000                        f4xx_ram5_size = 0x1000

.mstack         0x20000000      0x400
                0x20000000                        . = ALIGN (0x8)
                0x20000000                        __main_stack_base__ = .
                0x20000400                        . = (. + __main_stack_size__)
 *fill*         0x20000000      0x400 
                0x20000400                        . = ALIGN (0x8)
                0x20000400                        __main_stack_end__ = .

.pstack         0x20000400      0x800
                0x20000400                        . = ALIGN (0x8)
                0x20000400                        __process_stack_base__ = .
                0x20000400                        __main_thread_stack_base__ = .
                0x20000c00                        . = (. + __process_stack_size__)
 *fill*         0x20000400      0x800 
                0x20000c00                        . = ALIGN (0x8)
                0x20000c00                        __process_stack_end__ = .
                0x20000c00                        __main_thread_stack_end__ = .
                0x00000400                        __vectors_align__ = DEFINED (__vectors_align__)?__vectors_align__:0x400

.vectors        0x08000000      0x1e0
                0x08000000                        __textvectors_base__ = LOADADDR (.vectors)
                0x08000000                        __vectors_base__ = .
 *(.vectors)
 .vectors       0x08000000      0x1e0 .build/obj_temuboard_default/./lib/chibios/os/common/startup/ARMCMx/compilers/GCC/vectors.o
                0x08000000                _vectors
                0x080001e0                        __vectors_end__ = .

.xtors          0x08008000        0x0
                0x08008000                        __init_array_base__ = .
 *(SORT_BY_NAME(.init_array.*))
 *(.init_array)
                0x08008000                        __init_array_end__ = .
                0x08008000                        __fini_array_base__ = .
 *(.fini_array)
 *(SORT_BY_NAME(.fini_array.*))
                0x08008000                        __fini_array_end__ = .

.text           0x08008000     0x66ac
                0x08008000                        __text_base__ = .
 *(.text)
 .text          0x08008000      0x11c .build/obj_temuboard_default/./lib/chibios/os/common/startup/ARMCMx/compilers/GCC/crt0_v7m.o
                0x08008000                _crt0_entry
 .text          0x0800811c        0x8 .build/obj_temuboard_default/./lib/chibios/os/common/startup/ARMCMx/compilers/GCC/vectors.o
                0x0800811c                Reset_Handler
                0x0800811e                VectorE8
                0x0800811e                Vector9C
                0x0800811e                VectorAC
                0x0800811e                DebugMon_Handler
                0x0800811e                Vector1A0
                0x0800811e                Vector5C
                0x0800811e                Vector11C
                0x0800811e                HardFault_Handler
                0x0800811e                Vector1B8
                0x0800811e                Vector19C
                0x0800811e                Vector8C
                0x0800811e                SysTick_Handler
                0x0800811e                VectorDC
                0x0800811e                PendSV_Handler
                0x0800811e                Vector168
                0x0800811e                NMI_Handler
                0x0800811e                Vector110
                0x0800811e                Vector1D8
                0x0800811e                VectorC8
                0x0800811e                Vector94
                0x0800811e                VectorA8
                0x0800811e                VectorB4
                0x0800811e                Vector160
                0x0800811e                Vector1B0
                0x0800811e                UsageFault_Handler
                0x0800811e                VectorEC
                0x0800811e                Vector40
                0x0800811e                VectorF8
                0x0800811e                Vector108
                0x0800811e                Vector190
                0x0800811e                Vector1C4
                0x0800811e                Vector1CC
                0x0800811e                Vector148
                0x0800811e                Vector188
                0x0800811e                Vector198
                0x0800811e                Vector118
                0x0800811e                Vector64
                0x0800811e                Vector58
                0x0800811e                VectorCC
                0x0800811e                Vector54
                0x0800811e                Vector98
                0x0800811e                VectorD8
                0x0800811e                Vector138
                0x0800811e                Vector24
                0x0800811e                Vector1AC
                0x0800811e                Vector178
                0x0800811e                SecureFault_Handler
                0x0800811e                Vector1A4
                0x0800811e                VectorD0
                0x0800811e                Vector1B4
                0x0800811e                Vector140
                0x0800811e                VectorE4
                0x0800811e                Vector1C0
                0x0800811e                Vector134
                0x0800811e                Vector1D0
                0x0800811e                VectorF0
                0x0800811e                Vector13C
                0x0800811e                Vector100
                0x0800811e                VectorE0
                0x0800811e                VectorF4
                0x0800811e                MemManage_Handler
                0x0800811e                VectorA0
                0x0800811e                VectorC4
                0x0800811e                Vector180
                0x0800811e                Vector90
                0x0800811e                Vector114
                0x0800811e                Vector164
                0x0800811e                Vector60
                0x0800811e                Vector1BC
                0x0800811e                Vector1D4
                0x0800811e                Vector17C
                0x0800811e                Vector48
                0x0800811e                Vector1A8
                0x0800811e                Vector16C
                0x0800811e                VectorD4
                0x0800811e                Vector4C
                0x0800811e                Vector144
                0x0800811e                Vector15C
                0x0800811e                Vector68
                0x0800811e                Vector18C
                0x0800811e                Vector170
                0x0800811e                Vector88
                0x0800811e                Vector104
                0x0800811e                Vector184
                0x0800811e                Vector10C
                0x0800811e                BusFault_Handler
                0x0800811e                Vector50
                0x0800811e                Vector1C8
                0x0800811e                Vector194
                0x0800811e                Vector1DC
                0x0800811e                Vector44
                0x0800811e                Vector28
                0x0800811e                VectorB8
                0x0800811e                Vector34
                0x0800811e                VectorA4
                0x0800811e                Vector20
                0x0800811e                Vector174
                0x08008122                _unhandled_exception
 .text          0x08008124       0x32 .build/obj_temuboard_default/./lib/chibios/os/common/ports/ARMv7-M/compilers/GCC/chcoreasm.o
                0x08008124                __port_switch
                0x0800813c                __port_thread_start
                0x0800814e                __port_switch_from_isr
                0x08008152                __port_exit_from_isr
 *fill*         0x08008156        0x2 
 .text          0x08008158       0x30 C:/QMK_MSYS/opt/qmk/bin/../lib/gcc/arm-none-eabi/15.2.0/thumb/v7e-m+fp/hard\libgcc.a(_aeabi_uldivmod.o)
                0x08008158                __aeabi_uldivmod
 .text          0x08008188      0x2ac C:/QMK_MSYS/opt/qmk/bin/../lib/gcc/arm-none-eabi/15.2.0/thumb/v7e-m+fp/hard\libgcc.a(_udivmoddi4.o)
                0x08008188                __udivmoddi4
 .text          0x08008434        0x4 C:/QMK_MSYS/opt/qmk/bin/../lib/gcc/arm-none-eabi/15.2.0/thumb/v7e-m+fp/hard\libgcc.a(_dvmd_tls.o)
                0x08008434                __aeabi_idiv0
                0x08008434                __aeabi_ldiv0
 *(.text.*)
 .text.extract_mod_bits.part.0
                0x08008438       0x5e C:\QMK_MSYS\tmp\ccoXnUTa.ltrans0.ltrans.o
 *fill*         0x08008496        0x2 
 .text.layer_on
                0x08008498       0x14 C:\QMK_MSYS\tmp\ccoXnUTa.ltrans0.ltrans.o
 .text.layer_off
                0x080084ac       0x14 C:\QMK_MSYS\tmp\ccoXnUTa.ltrans0.ltrans.o
 .text.update_source_layers_cache
                0x080084c0       0x54 C:\QMK_MSYS\tmp\ccoXnUTa.ltrans0.ltrans.o
 .text.read_source_layers_cache
                0x08008514       0x50 C:\QMK_MSYS\tmp\ccoXnUTa.ltrans0.ltrans.o
 .text.waiting_buffer_typed.isra.0
                0x08008564       0x44 C:\QMK_MSYS\tmp\ccoXnUTa.ltrans0.ltrans.o
 .text.debug_waiting_buffer
                0x080085a8       0x20 C:\QMK_MSYS\tmp\ccoXnUTa.ltrans0.ltrans.o
 .text.clear_oneshot_layer_state
                0x080085c8       0x30 C:\QMK_MSYS\tmp\ccoXnUTa.ltrans0.ltrans.o
 .text.get_mods_for_report
                0x080085f8       0x84 C:\QMK_MSYS\tmp\ccoXnUTa.ltrans0.ltrans.o
 .text.del_mods
                0x0800867c       0x10 C:\QMK_MSYS\tmp\ccoXnUTa.ltrans0.ltrans.o
 .text.keymap_key_to_keycode
                0x0800868c       0x34 C:\QMK_MSYS\tmp\ccoXnUTa.ltrans0.ltrans.o
 .text.keycode_config
                0x080086c0      0x108 C:\QMK_MSYS\tmp\ccoXnUTa.ltrans0.ltrans.o
 .text.mod_config
                0x080087c8       0xc8 C:\QMK_MSYS\tmp\ccoXnUTa.ltrans0.ltrans.o
 .text.action_for_keycode
                0x08008890      0x1a4 C:\QMK_MSYS\tmp\ccoXnUTa.ltrans0.ltrans.o
 .text.layer_switch_get_layer
                0x08008a34       0x50 C:\QMK_MSYS\tmp\ccoXnUTa.ltrans0.ltrans.o
 .text.get_record_keycode
                0x08008a84       0x34 C:\QMK_MSYS\tmp\ccoXnUTa.ltrans0.ltrans.o
 .text.layer_switch_get_action
                0x08008ab8       0x24 C:\QMK_MSYS\tmp\ccoXnUTa.ltrans0.ltrans.o
 .text.is_tap_record
                0x08008adc       0x56 C:\QMK_MSYS\tmp\ccoXnUTa.ltrans0.ltrans.o
 .text.sendchar
                0x08008b32        0x4 C:\QMK_MSYS\tmp\ccoXnUTa.ltrans0.ltrans.o
 .text.null_sendchar_func
                0x08008b36        0x4 C:\QMK_MSYS\tmp\ccoXnUTa.ltrans0.ltrans.o
 .text.__idle_thread
                0x08008b3a        0x4 C:\QMK_MSYS\tmp\ccoXnUTa.ltrans0.ltrans.o
 *fill*         0x08008b3e        0x2 
 .text.wear_leveling_unlock
                0x08008b40       0x54 C:\QMK_MSYS\tmp\ccoXnUTa.ltrans0.ltrans.o
 .text.wear_leveling_lock
                0x08008b94       0x38 C:\QMK_MSYS\tmp\ccoXnUTa.ltrans0.ltrans.o
 .text.backing_store_write
                0x08008bcc       0x3c C:\QMK_MSYS\tmp\ccoXnUTa.ltrans0.ltrans.o
 .text.backing_store_read
                0x08008c08       0x50 C:\QMK_MSYS\tmp\ccoXnUTa.ltrans0.ltrans.o
 .text.encoder_quadrature_read_pin
                0x08008c58       0x18 C:\QMK_MSYS\tmp\ccoXnUTa.ltrans0.ltrans.o
 .text.key_override_matches_active_modifiers
                0x08008c70       0x3c C:\QMK_MSYS\tmp\ccoXnUTa.ltrans0.ltrans.o
 .text.times_inv_sqrt2
                0x08008cac       0x26 C:\QMK_MSYS\tmp\ccoXnUTa.ltrans0.ltrans.o
 *fill*         0x08008cd2        0x2 
 .text.move_unit
                0x08008cd4       0x44 C:\QMK_MSYS\tmp\ccoXnUTa.ltrans0.ltrans.o
 .text.wheel_unit
                0x08008d18       0x44 C:\QMK_MSYS\tmp\ccoXnUTa.ltrans0.ltrans.o
 .text.mousekey_on
                0x08008d5c       0xa4 C:\QMK_MSYS\tmp\ccoXnUTa.ltrans0.ltrans.o
 .text.mousekey_off
                0x08008e00      0x118 C:\QMK_MSYS\tmp\ccoXnUTa.ltrans0.ltrans.o
 .text.host_keyboard_leds
                0x08008f18       0x14 C:\QMK_MSYS\tmp\ccoXnUTa.ltrans0.ltrans.o
 .text.host_system_send
                0x08008f2c       0x38 C:\QMK_MSYS\tmp\ccoXnUTa.ltrans0.ltrans.o
 .text.host_consumer_send
                0x08008f64       0x38 C:\QMK_MSYS\tmp\ccoXnUTa.ltrans0.ltrans.o
 .text.add_key_to_report
                0x08008f9c       0x6c C:\QMK_MSYS\tmp\ccoXnUTa.ltrans0.ltrans.o
 .text.del_key_from_report
                0x08009008       0x58 C:\QMK_MSYS\tmp\ccoXnUTa.ltrans0.ltrans.o
 .text.usb_device_state_get_leds
                0x08009060        0xc C:\QMK_MSYS\tmp\ccoXnUTa.ltrans0.ltrans.o
 .text.__NVIC_SystemReset
                0x0800906c       0x24 C:\QMK_MSYS\tmp\ccoXnUTa.ltrans0.ltrans.o
 .text.usb_get_descriptor_cb
                0x08009090      0x140 C:\QMK_MSYS\tmp\ccoXnUTa.ltrans0.ltrans.o
 .text.usb_event_queue_enqueue.isra.0
                0x080091d0       0x28 C:\QMK_MSYS\tmp\ccoXnUTa.ltrans0.ltrans.o
 .text.set_led_transfer_cb
                0x080091f8       0x34 C:\QMK_MSYS\tmp\ccoXnUTa.ltrans0.ltrans.o
 .text.usb_requests_hook_cb
                0x0800922c      0x1c4 C:\QMK_MSYS\tmp\ccoXnUTa.ltrans0.ltrans.o
 .text.usb_endpoint_in_is_inactive
                0x080093f0       0x38 C:\QMK_MSYS\tmp\ccoXnUTa.ltrans0.ltrans.o
 .text.usb_set_idle_rate
                0x08009428       0x1c C:\QMK_MSYS\tmp\ccoXnUTa.ltrans0.ltrans.o
 .text.usb_get_idle_rate
                0x08009444        0xc C:\QMK_MSYS\tmp\ccoXnUTa.ltrans0.ltrans.o
 .text.usb_idle_timer_elapsed
                0x08009450       0x50 C:\QMK_MSYS\tmp\ccoXnUTa.ltrans0.ltrans.o
 .text.usb_shared_set_idle_rate
                0x080094a0       0x24 C:\QMK_MSYS\tmp\ccoXnUTa.ltrans0.ltrans.o
 .text.usb_shared_get_idle_rate
                0x080094c4       0x16 C:\QMK_MSYS\tmp\ccoXnUTa.ltrans0.ltrans.o
 *fill*         0x080094da        0x2 
 .text.usb_shared_idle_timer_elapsed
                0x080094dc       0x58 C:\QMK_MSYS\tmp\ccoXnUTa.ltrans0.ltrans.o
 .text.chSysHalt
                0x08009534        0xc C:\QMK_MSYS\tmp\ccoXnUTa.ltrans0.ltrans.o
 .text.chSysPolledDelayX
                0x08009540       0x14 C:\QMK_MSYS\tmp\ccoXnUTa.ltrans0.ltrans.o
 .text.ch_sch_prio_insert
                0x08009554       0x1e C:\QMK_MSYS\tmp\ccoXnUTa.ltrans0.ltrans.o
 .text.obqPostFullBufferS
                0x08009572       0x26 C:\QMK_MSYS\tmp\ccoXnUTa.ltrans0.ltrans.o
 .text.i2c_lld_serve_tx_end_irq
                0x08009598       0x3c C:\QMK_MSYS\tmp\ccoXnUTa.ltrans0.ltrans.o
 .text.setup_error
                0x080095d4       0x3c C:\QMK_MSYS\tmp\ccoXnUTa.ltrans0.ltrans.o
 .text._usb_wakeup.part.0.constprop.0
                0x08009610       0x18 C:\QMK_MSYS\tmp\ccoXnUTa.ltrans0.ltrans.o
 .text.flashGetSectorOffset
                0x08009628       0x1a C:\QMK_MSYS\tmp\ccoXnUTa.ltrans0.ltrans.o
 .text.flashGetSectorSize
                0x08009642       0x1a C:\QMK_MSYS\tmp\ccoXnUTa.ltrans0.ltrans.o
 .text.stm32_flash_check_errors
                0x0800965c       0x26 C:\QMK_MSYS\tmp\ccoXnUTa.ltrans0.ltrans.o
 .text.efl_lld_get_descriptor
                0x08009682        0x4 C:\QMK_MSYS\tmp\ccoXnUTa.ltrans0.ltrans.o
 .text.efl_lld_program
                0x08009686       0xae C:\QMK_MSYS\tmp\ccoXnUTa.ltrans0.ltrans.o
 .text.efl_lld_start_erase_all
                0x08009734        0xc C:\QMK_MSYS\tmp\ccoXnUTa.ltrans0.ltrans.o
 .text.efl_lld_start_erase_sector
                0x08009740       0x46 C:\QMK_MSYS\tmp\ccoXnUTa.ltrans0.ltrans.o
 .text.efl_lld_query_erase
                0x08009786       0x30 C:\QMK_MSYS\tmp\ccoXnUTa.ltrans0.ltrans.o
 .text.efl_lld_verify_erase
                0x080097b6       0x46 C:\QMK_MSYS\tmp\ccoXnUTa.ltrans0.ltrans.o
 .text.dmaStreamFreeI
                0x080097fc       0x7c C:\QMK_MSYS\tmp\ccoXnUTa.ltrans0.ltrans.o
 .text.dmaStreamAllocI.part.0.constprop.0
                0x08009878       0xa8 C:\QMK_MSYS\tmp\ccoXnUTa.ltrans0.ltrans.o
 .text.i2c_lld_abort_operation
                0x08009920       0x4a C:\QMK_MSYS\tmp\ccoXnUTa.ltrans0.ltrans.o
 .text.otg_disable_ep
                0x0800996a       0x56 C:\QMK_MSYS\tmp\ccoXnUTa.ltrans0.ltrans.o
 .text.otg_enable_ep.constprop.0
                0x080099c0       0x4c C:\QMK_MSYS\tmp\ccoXnUTa.ltrans0.ltrans.o
 .text.otg_txfifo_flush.isra.0
                0x08009a0c       0x14 C:\QMK_MSYS\tmp\ccoXnUTa.ltrans0.ltrans.o
 .text.usb_lld_start_out.constprop.0
                0x08009a20       0x64 C:\QMK_MSYS\tmp\ccoXnUTa.ltrans0.ltrans.o
 .text.usbStartReceiveI.constprop.0
                0x08009a84       0x1a C:\QMK_MSYS\tmp\ccoXnUTa.ltrans0.ltrans.o
 .text.usb_lld_start_in
                0x08009a9e       0x8c C:\QMK_MSYS\tmp\ccoXnUTa.ltrans0.ltrans.o
 .text.usbStartTransmitI
                0x08009b2a       0x24 C:\QMK_MSYS\tmp\ccoXnUTa.ltrans0.ltrans.o
 .text.obnotify
                0x08009b4e       0x36 C:\QMK_MSYS\tmp\ccoXnUTa.ltrans0.ltrans.o
 .text._usb_ep0in
                0x08009b84       0x9a C:\QMK_MSYS\tmp\ccoXnUTa.ltrans0.ltrans.o
 .text._usb_ep0out
                0x08009c1e       0x6a C:\QMK_MSYS\tmp\ccoXnUTa.ltrans0.ltrans.o
 .text.gpio_init
                0x08009c88       0x1e C:\QMK_MSYS\tmp\ccoXnUTa.ltrans0.ltrans.o
 *fill*         0x08009ca6        0x2 
 .text.send_keyboard_report
                0x08009ca8       0x90 C:\QMK_MSYS\tmp\ccoXnUTa.ltrans0.ltrans.o
 .text.register_mods
                0x08009d38       0x14 C:\QMK_MSYS\tmp\ccoXnUTa.ltrans0.ltrans.o
 .text.unregister_mods
                0x08009d4c       0x12 C:\QMK_MSYS\tmp\ccoXnUTa.ltrans0.ltrans.o
 *fill*         0x08009d5e        0x2 
 .text.register_weak_mods
                0x08009d60       0x14 C:\QMK_MSYS\tmp\ccoXnUTa.ltrans0.ltrans.o
 .text.eeprom_read_byte
                0x08009d74        0xc C:\QMK_MSYS\tmp\ccoXnUTa.ltrans0.ltrans.o
 .text.eeprom_read_word
                0x08009d80        0xc C:\QMK_MSYS\tmp\ccoXnUTa.ltrans0.ltrans.o
 .text.usb_set_report
                0x08009d8c       0x1e C:\QMK_MSYS\tmp\ccoXnUTa.ltrans0.ltrans.o
 .text.usb_get_report
                0x08009daa       0x16 C:\QMK_MSYS\tmp\ccoXnUTa.ltrans0.ltrans.o
 .text.usb_shared_set_report
                0x08009dc0       0x24 C:\QMK_MSYS\tmp\ccoXnUTa.ltrans0.ltrans.o
 .text.usb_shared_get_report
                0x08009de4       0x1c C:\QMK_MSYS\tmp\ccoXnUTa.ltrans0.ltrans.o
 .text.efl_lld_read
                0x08009e00       0x2e C:\QMK_MSYS\tmp\ccoXnUTa.ltrans0.ltrans.o
 *fill*         0x08009e2e        0x2 
 .text.wear_leveling_clear_cache
                0x08009e30       0x20 C:\QMK_MSYS\tmp\ccoXnUTa.ltrans0.ltrans.o
 .text.clear_keys_from_report
                0x08009e50       0x34 C:\QMK_MSYS\tmp\ccoXnUTa.ltrans0.ltrans.o
 .text.usb_reset_report
                0x08009e84       0x1c C:\QMK_MSYS\tmp\ccoXnUTa.ltrans0.ltrans.o
 .text.usb_shared_reset_report
                0x08009ea0       0x26 C:\QMK_MSYS\tmp\ccoXnUTa.ltrans0.ltrans.o
 .text.oled_send_cmd
                0x08009ec6       0x16 C:\QMK_MSYS\tmp\ccoXnUTa.ltrans0.ltrans.o
 .text.oled_off.isra.0
                0x08009edc       0x2c C:\QMK_MSYS\tmp\ccoXnUTa.ltrans0.ltrans.o
 .text.vt_set_alarm
                0x08009f08       0x38 C:\QMK_MSYS\tmp\ccoXnUTa.ltrans0.ltrans.o
 .text.vt_insert_first.constprop.0
                0x08009f40       0x54 C:\QMK_MSYS\tmp\ccoXnUTa.ltrans0.ltrans.o
 .text.__sch_ready_behind.isra.0
                0x08009f94       0x1c C:\QMK_MSYS\tmp\ccoXnUTa.ltrans0.ltrans.o
 .text.usb_endpoint_in_tx_complete_cb
                0x08009fb0       0xc0 C:\QMK_MSYS\tmp\ccoXnUTa.ltrans0.ltrans.o
 .text.__sch_wakeup
                0x0800a070       0x44 C:\QMK_MSYS\tmp\ccoXnUTa.ltrans0.ltrans.o
 .text.chThdResumeI
                0x0800a0b4       0x12 C:\QMK_MSYS\tmp\ccoXnUTa.ltrans0.ltrans.o
 *fill*         0x0800a0c6        0x2 
 .text.i2c_lld_serve_rx_end_irq
                0x0800a0c8       0x60 C:\QMK_MSYS\tmp\ccoXnUTa.ltrans0.ltrans.o
 .text._usb_ep0setup
                0x0800a128      0x328 C:\QMK_MSYS\tmp\ccoXnUTa.ltrans0.ltrans.o
 .text.otg_epin_handler.constprop.0
                0x0800a450      0x160 C:\QMK_MSYS\tmp\ccoXnUTa.ltrans0.ltrans.o
 .text.otg_epout_handler.constprop.0
                0x0800a5b0       0xac C:\QMK_MSYS\tmp\ccoXnUTa.ltrans0.ltrans.o
 .text.chThdDequeueAllI.constprop.0
                0x0800a65c       0x1e C:\QMK_MSYS\tmp\ccoXnUTa.ltrans0.ltrans.o
 .text.obqResetI
                0x0800a67a       0x14 C:\QMK_MSYS\tmp\ccoXnUTa.ltrans0.ltrans.o
 *fill*         0x0800a68e        0x2 
 .text.usb_event_cb
                0x0800a690      0x1f0 C:\QMK_MSYS\tmp\ccoXnUTa.ltrans0.ltrans.o
 .text.chSchGoSleepS
                0x0800a880       0x1c C:\QMK_MSYS\tmp\ccoXnUTa.ltrans0.ltrans.o
 .text.chSchGoSleepTimeoutS
                0x0800a89c       0xf0 C:\QMK_MSYS\tmp\ccoXnUTa.ltrans0.ltrans.o
 .text.efl_acquire_exclusive
                0x0800a98c       0x70 C:\QMK_MSYS\tmp\ccoXnUTa.ltrans0.ltrans.o
 .text.__port_irq_epilogue
                0x0800a9fc       0x5c C:\QMK_MSYS\tmp\ccoXnUTa.ltrans0.ltrans.o
 .text.suspend_power_down_modules
                0x0800aa58        0x2 C:\QMK_MSYS\tmp\ccoXnUTa.ltrans0.ltrans.o
                0x0800aa58                __cpu_init
 *fill*         0x0800aa5a        0x2 
 .text.__early_init
                0x0800aa5c      0x1f0 C:\QMK_MSYS\tmp\ccoXnUTa.ltrans0.ltrans.o
                0x0800aa5c                __early_init
 .text.__late_init
                0x0800ac4c        0x2 C:\QMK_MSYS\tmp\ccoXnUTa.ltrans0.ltrans.o
                0x0800ac4c                __late_init
 .text.__default_exit
                0x0800ac4e        0x2 C:\QMK_MSYS\tmp\ccoXnUTa.ltrans0.ltrans.o
                0x0800ac4e                __default_exit
 .text.__init_ram_areas
                0x0800ac50       0x4c C:\QMK_MSYS\tmp\ccoXnUTa.ltrans0.ltrans.o
                0x0800ac50                __init_ram_areas
 .text.__sch_reschedule_ahead
                0x0800ac9c       0x38 C:\QMK_MSYS\tmp\ccoXnUTa.ltrans0.ltrans.o
                0x0800ac9c                chSchDoPreemption
 .text.chSchRescheduleS
                0x0800acd4       0x18 C:\QMK_MSYS\tmp\ccoXnUTa.ltrans0.ltrans.o
 .text.timer_read32
                0x0800acec       0x88 C:\QMK_MSYS\tmp\ccoXnUTa.ltrans0.ltrans.o
 .text.oled_on.isra.0
                0x0800ad74       0x3c C:\QMK_MSYS\tmp\ccoXnUTa.ltrans0.ltrans.o
 .text.oled_task
                0x0800adb0      0x240 C:\QMK_MSYS\tmp\ccoXnUTa.ltrans0.ltrans.o
 .text.schedule_deferred_register
                0x0800aff0       0x40 C:\QMK_MSYS\tmp\ccoXnUTa.ltrans0.ltrans.o
 .text.mousekey_send
                0x0800b030       0x4c C:\QMK_MSYS\tmp\ccoXnUTa.ltrans0.ltrans.o
 .text.register_code
                0x0800b07c       0xd8 C:\QMK_MSYS\tmp\ccoXnUTa.ltrans0.ltrans.o
 .text.unregister_code
                0x0800b154       0x72 C:\QMK_MSYS\tmp\ccoXnUTa.ltrans0.ltrans.o
 *fill*         0x0800b1c6        0x2 
 .text.clear_active_override.isra.0
                0x0800b1c8       0xa8 C:\QMK_MSYS\tmp\ccoXnUTa.ltrans0.ltrans.o
 .text.clear_keyboard
                0x0800b270       0x58 C:\QMK_MSYS\tmp\ccoXnUTa.ltrans0.ltrans.o
 .text.send_report.isra.0
                0x0800b2c8      0x164 C:\QMK_MSYS\tmp\ccoXnUTa.ltrans0.ltrans.o
 .text.send_keyboard
                0x0800b42c        0xa C:\QMK_MSYS\tmp\ccoXnUTa.ltrans0.ltrans.o
 .text.send_nkro
                0x0800b436        0xa C:\QMK_MSYS\tmp\ccoXnUTa.ltrans0.ltrans.o
 .text.send_mouse
                0x0800b440        0xa C:\QMK_MSYS\tmp\ccoXnUTa.ltrans0.ltrans.o
 .text.send_extra
                0x0800b44a        0xa C:\QMK_MSYS\tmp\ccoXnUTa.ltrans0.ltrans.o
 .text.efl_release_exclusive
                0x0800b454       0x60 C:\QMK_MSYS\tmp\ccoXnUTa.ltrans0.ltrans.o
 .text.chThdExit
                0x0800b4b4       0x18 C:\QMK_MSYS\tmp\ccoXnUTa.ltrans0.ltrans.o
                0x0800b4b4                chThdExit
 .text.chThdSleep
                0x0800b4cc       0x18 C:\QMK_MSYS\tmp\ccoXnUTa.ltrans0.ltrans.o
                0x0800b4cc                chThdSleep
 .text.perform_space_cadet.isra.0
                0x0800b4e4       0xb0 C:\QMK_MSYS\tmp\ccoXnUTa.ltrans0.ltrans.o
 .text.backing_store_erase
                0x0800b594       0x84 C:\QMK_MSYS\tmp\ccoXnUTa.ltrans0.ltrans.o
 .text.wear_leveling_consolidate_force
                0x0800b618       0xdc C:\QMK_MSYS\tmp\ccoXnUTa.ltrans0.ltrans.o
 .text.wear_leveling_consolidate_if_needed
                0x0800b6f4       0x18 C:\QMK_MSYS\tmp\ccoXnUTa.ltrans0.ltrans.o
 .text.wear_leveling_append_raw
                0x0800b70c       0x28 C:\QMK_MSYS\tmp\ccoXnUTa.ltrans0.ltrans.o
 .text.wear_leveling_write.isra.0
                0x0800b734       0xa8 C:\QMK_MSYS\tmp\ccoXnUTa.ltrans0.ltrans.o
 .text.eeprom_update_dword.constprop.0
                0x0800b7dc       0x30 C:\QMK_MSYS\tmp\ccoXnUTa.ltrans0.ltrans.o
 .text.eeprom_update_byte
                0x0800b80c       0x20 C:\QMK_MSYS\tmp\ccoXnUTa.ltrans0.ltrans.o
 .text.eeprom_update_word
                0x0800b82c       0x20 C:\QMK_MSYS\tmp\ccoXnUTa.ltrans0.ltrans.o
 .text.oneshot_set
                0x0800b84c       0x2c C:\QMK_MSYS\tmp\ccoXnUTa.ltrans0.ltrans.o
 .text.wear_leveling_erase.isra.0
                0x0800b878       0x1e C:\QMK_MSYS\tmp\ccoXnUTa.ltrans0.ltrans.o
 *fill*         0x0800b896        0x2 
 .text.process_record
                0x0800b898      0x940 C:\QMK_MSYS\tmp\ccoXnUTa.ltrans0.ltrans.o
 .text.waiting_buffer_scan_tap
                0x0800c1d8       0x84 C:\QMK_MSYS\tmp\ccoXnUTa.ltrans0.ltrans.o
 .text.process_tapping
                0x0800c25c      0x214 C:\QMK_MSYS\tmp\ccoXnUTa.ltrans0.ltrans.o
 .text.action_exec
                0x0800c470       0xd8 C:\QMK_MSYS\tmp\ccoXnUTa.ltrans0.ltrans.o
 .text.generate_tick_event
                0x0800c548       0x34 C:\QMK_MSYS\tmp\ccoXnUTa.ltrans0.ltrans.o
 .text.SVC_Handler
                0x0800c57c       0x20 C:\QMK_MSYS\tmp\ccoXnUTa.ltrans0.ltrans.o
                0x0800c57c                SVC_Handler
 .text.i2cStart
                0x0800c59c      0x190 C:\QMK_MSYS\tmp\ccoXnUTa.ltrans0.ltrans.o
                0x0800c59c                i2cStart
 .text.i2cStop  0x0800c72c       0x7c C:\QMK_MSYS\tmp\ccoXnUTa.ltrans0.ltrans.o
                0x0800c72c                i2cStop
 .text.i2cMasterTransmitTimeout
                0x0800c7a8      0x128 C:\QMK_MSYS\tmp\ccoXnUTa.ltrans0.ltrans.o
                0x0800c7a8                i2cMasterTransmitTimeout
 .text.VectorB0
                0x0800c8d0       0xdc C:\QMK_MSYS\tmp\ccoXnUTa.ltrans0.ltrans.o
                0x0800c8d0                VectorB0
 .text.Vector6C
                0x0800c9ac       0x28 C:\QMK_MSYS\tmp\ccoXnUTa.ltrans0.ltrans.o
                0x0800c9ac                Vector6C
 .text.Vector70
                0x0800c9d4       0x2c C:\QMK_MSYS\tmp\ccoXnUTa.ltrans0.ltrans.o
                0x0800c9d4                Vector70
 .text.Vector74
                0x0800ca00       0x2c C:\QMK_MSYS\tmp\ccoXnUTa.ltrans0.ltrans.o
                0x0800ca00                Vector74
 .text.Vector78
                0x0800ca2c       0x2c C:\QMK_MSYS\tmp\ccoXnUTa.ltrans0.ltrans.o
                0x0800ca2c                Vector78
 .text.Vector7C
                0x0800ca58       0x28 C:\QMK_MSYS\tmp\ccoXnUTa.ltrans0.ltrans.o
                0x0800ca58                Vector7C
 .text.Vector80
                0x0800ca80       0x2c C:\QMK_MSYS\tmp\ccoXnUTa.ltrans0.ltrans.o
                0x0800ca80                Vector80
 .text.Vector84
                0x0800caac       0x2c C:\QMK_MSYS\tmp\ccoXnUTa.ltrans0.ltrans.o
                0x0800caac                Vector84
 .text.VectorFC
                0x0800cad8       0x2c C:\QMK_MSYS\tmp\ccoXnUTa.ltrans0.ltrans.o
                0x0800cad8                VectorFC
 .text.Vector120
                0x0800cb04       0x28 C:\QMK_MSYS\tmp\ccoXnUTa.ltrans0.ltrans.o
                0x0800cb04                Vector120
 .text.Vector124
                0x0800cb2c       0x2c C:\QMK_MSYS\tmp\ccoXnUTa.ltrans0.ltrans.o
                0x0800cb2c                Vector124
 .text.Vector128
                0x0800cb58       0x2c C:\QMK_MSYS\tmp\ccoXnUTa.ltrans0.ltrans.o
                0x0800cb58                Vector128
 .text.Vector12C
                0x0800cb84       0x2c C:\QMK_MSYS\tmp\ccoXnUTa.ltrans0.ltrans.o
                0x0800cb84                Vector12C
 .text.Vector130
                0x0800cbb0       0x28 C:\QMK_MSYS\tmp\ccoXnUTa.ltrans0.ltrans.o
                0x0800cbb0                Vector130
 .text.Vector150
                0x0800cbd8       0x2c C:\QMK_MSYS\tmp\ccoXnUTa.ltrans0.ltrans.o
                0x0800cbd8                Vector150
 .text.Vector154
                0x0800cc04       0x2c C:\QMK_MSYS\tmp\ccoXnUTa.ltrans0.ltrans.o
                0x0800cc04                Vector154
 .text.Vector158
                0x0800cc30       0x30 C:\QMK_MSYS\tmp\ccoXnUTa.ltrans0.ltrans.o
                0x0800cc30                Vector158
 .text._pal_lld_setgroupmode
                0x0800cc60       0xcc C:\QMK_MSYS\tmp\ccoXnUTa.ltrans0.ltrans.o
                0x0800cc60                _pal_lld_setgroupmode
 .text.gpio_atomic_set_pin_input_high
                0x0800cd2c       0x22 C:\QMK_MSYS\tmp\ccoXnUTa.ltrans0.ltrans.o
 *fill*         0x0800cd4e        0x2 
 .text.matrix_scan.isra.0
                0x0800cd50      0x16c C:\QMK_MSYS\tmp\ccoXnUTa.ltrans0.ltrans.o
 .text.startup.main
                0x0800cebc      0xffc C:\QMK_MSYS\tmp\ccoXnUTa.ltrans0.ltrans.o
                0x0800cebc                main
 .text.VectorBC
                0x0800deb8      0x114 C:\QMK_MSYS\tmp\ccoXnUTa.ltrans0.ltrans.o
                0x0800deb8                VectorBC
 .text.VectorC0
                0x0800dfcc       0xc8 C:\QMK_MSYS\tmp\ccoXnUTa.ltrans0.ltrans.o
                0x0800dfcc                VectorC0
 .text.Vector14C
                0x0800e094      0x470 C:\QMK_MSYS\tmp\ccoXnUTa.ltrans0.ltrans.o
                0x0800e094                Vector14C
 .text._fini    0x0800e504        0x2 C:\QMK_MSYS\tmp\ccoXnUTa.ltrans0.ltrans.o
                0x0800e504                _fini
 *fill*         0x0800e506        0x2 
 .text.i2c_epilogue
                0x0800e508       0x20 .build/obj_temuboard_default/i2c_master.a(i2c_master.o)
 .text.i2c_init
                0x0800e528       0x50 .build/obj_temuboard_default/i2c_master.a(i2c_master.o)
                0x0800e528                i2c_init
 .text.i2c_transmit
                0x0800e578       0x58 .build/obj_temuboard_default/i2c_master.a(i2c_master.o)
                0x0800e578                i2c_transmit
 .text.i2c_write_register
                0x0800e5d0       0x90 .build/obj_temuboard_default/i2c_master.a(i2c_master.o)
                0x0800e5d0                i2c_write_register
 .text.memset   0x0800e660       0x10 C:/QMK_MSYS/opt/qmk/bin/../lib/gcc/arm-none-eabi/15.2.0/../../../../arm-none-eabi/lib/thumb/v7e-m+fp/hard\libc_nano.a(libc_a-memset.o)
                0x0800e660                memset
 .text.memcpy   0x0800e670       0x1c C:/QMK_MSYS/opt/qmk/bin/../lib/gcc/arm-none-eabi/15.2.0/../../../../arm-none-eabi/lib/thumb/v7e-m+fp/hard\libc_nano.a(libc_a-memcpy-stub.o)
                0x0800e670                memcpy
 .text.memcmp   0x0800e68c       0x20 C:/QMK_MSYS/opt/qmk/bin/../lib/gcc/arm-none-eabi/15.2.0/../../../../arm-none-eabi/lib/thumb/v7e-m+fp/hard\libc_nano.a(libc_a-memcmp.o)
                0x0800e68c                memcmp
 *(.glue_7t)
 .glue_7t       0x0800e6ac        0x0 linker stubs
 *(.glue_7)
 .glue_7        0x0800e6ac        0x0 linker stubs
 *(.gcc*)
                0x0800e6ac                        __text_end__ = .

.vfp11_veneer   0x0800e6ac        0x0
 .vfp11_veneer  0x0800e6ac        0x0 linker stubs

.v4_bx          0x0800e6ac        0x0
 .v4_bx         0x0800e6ac        0x0 linker stubs

.iplt           0x0800e6ac        0x0
 .iplt          0x0800e6ac        0x0 .build/obj_temuboard_default/i2c_master.a(i2c_master.o)

.rodata         0x0800e6ac      0xbfc
                0x0800e6ac                        __rodata_base__ = .
 *(.rodata)
 *(.rodata.*)
 .rodata.i2c_lld_serve_tx_end_irq.str1.1
                0x0800e6ac       0xa9 C:\QMK_MSYS\tmp\ccoXnUTa.ltrans0.ltrans.o
                                  0xc (size before relaxing)
 .rodata.main.str1.1
                0x0800e755       0x9a C:\QMK_MSYS\tmp\ccoXnUTa.ltrans0.ltrans.o
 *fill*         0x0800e755        0x3 
 .rodata.efl_lld_sect3
                0x0800e758       0x40 C:\QMK_MSYS\tmp\ccoXnUTa.ltrans0.ltrans.o
 .rodata.efl_lld_sect2
                0x0800e798       0x60 C:\QMK_MSYS\tmp\ccoXnUTa.ltrans0.ltrans.o
 .rodata.efl_lld_sect1
                0x0800e7f8       0x80 C:\QMK_MSYS\tmp\ccoXnUTa.ltrans0.ltrans.o
 .rodata.efl_lld_size3
                0x0800e878       0x1c C:\QMK_MSYS\tmp\ccoXnUTa.ltrans0.ltrans.o
 .rodata.efl_lld_size2
                0x0800e894       0x1c C:\QMK_MSYS\tmp\ccoXnUTa.ltrans0.ltrans.o
 .rodata.efl_lld_size1
                0x0800e8b0       0x1c C:\QMK_MSYS\tmp\ccoXnUTa.ltrans0.ltrans.o
 .rodata.nk_toggle
                0x0800e8cc       0x18 C:\QMK_MSYS\tmp\ccoXnUTa.ltrans0.ltrans.o
 .rodata.ep0config
                0x0800e8e4       0x24 C:\QMK_MSYS\tmp\ccoXnUTa.ltrans0.ltrans.o
 .rodata.active_status
                0x0800e908        0x2 C:\QMK_MSYS\tmp\ccoXnUTa.ltrans0.ltrans.o
 .rodata.halted_status
                0x0800e90a        0x2 C:\QMK_MSYS\tmp\ccoXnUTa.ltrans0.ltrans.o
 .rodata.zero_status
                0x0800e90c        0x2 C:\QMK_MSYS\tmp\ccoXnUTa.ltrans0.ltrans.o
 *fill*         0x0800e90e        0x2 
 .rodata.ram_areas
                0x0800e910       0x80 C:\QMK_MSYS\tmp\ccoXnUTa.ltrans0.ltrans.o
 .rodata.gpio_default_config
                0x0800e990       0xfc C:\QMK_MSYS\tmp\ccoXnUTa.ltrans0.ltrans.o
 .rodata.usb_endpoint_interface_lut
                0x0800ea8c        0x2 C:\QMK_MSYS\tmp\ccoXnUTa.ltrans0.ltrans.o
 .rodata.hex_str.0
                0x0800ea8e       0x11 C:\QMK_MSYS\tmp\ccoXnUTa.ltrans0.ltrans.o
 .rodata.ManufacturerString
                0x0800ea9f        0xc C:\QMK_MSYS\tmp\ccoXnUTa.ltrans0.ltrans.o
 .rodata.ProductString
                0x0800eaab       0x16 C:\QMK_MSYS\tmp\ccoXnUTa.ltrans0.ltrans.o
 .rodata.SharedReport
                0x0800eac1       0xb6 C:\QMK_MSYS\tmp\ccoXnUTa.ltrans0.ltrans.o
 .rodata.KeyboardReport
                0x0800eb77       0x44 C:\QMK_MSYS\tmp\ccoXnUTa.ltrans0.ltrans.o
 .rodata.LanguageString
                0x0800ebbb        0x4 C:\QMK_MSYS\tmp\ccoXnUTa.ltrans0.ltrans.o
 .rodata.ConfigurationDescriptor
                0x0800ebbf       0x3b C:\QMK_MSYS\tmp\ccoXnUTa.ltrans0.ltrans.o
 .rodata.DeviceDescriptor
                0x0800ebfa       0x12 C:\QMK_MSYS\tmp\ccoXnUTa.ltrans0.ltrans.o
 .rodata.epd_bitmap_processed_img_1785669419610_576__2_.1
                0x0800ec0c      0x200 C:\QMK_MSYS\tmp\ccoXnUTa.ltrans0.ltrans.o
 .rodata.epd_bitmap_______.0
                0x0800ee0c      0x200 C:\QMK_MSYS\tmp\ccoXnUTa.ltrans0.ltrans.o
 .rodata.target_map.7
                0x0800f00c        0x4 C:\QMK_MSYS\tmp\ccoXnUTa.ltrans0.ltrans.o
 .rodata.source_map.8
                0x0800f010        0x4 C:\QMK_MSYS\tmp\ccoXnUTa.ltrans0.ltrans.o
 .rodata.display_off.4
                0x0800f014        0x2 C:\QMK_MSYS\tmp\ccoXnUTa.ltrans0.ltrans.o
 .rodata.display_on.5
                0x0800f016        0x2 C:\QMK_MSYS\tmp\ccoXnUTa.ltrans0.ltrans.o
 .rodata._stm32_dma_streams
                0x0800f018       0xc0 C:\QMK_MSYS\tmp\ccoXnUTa.ltrans0.ltrans.o
 .rodata.vmt    0x0800f0d8       0x28 C:\QMK_MSYS\tmp\ccoXnUTa.ltrans0.ltrans.o
 .rodata.fsparams
                0x0800f100        0xc C:\QMK_MSYS\tmp\ccoXnUTa.ltrans0.ltrans.o
 .rodata.str1.1
                0x0800f10c        0x3 C:\QMK_MSYS\tmp\ccoXnUTa.ltrans0.ltrans.o
 .rodata.ch_core0_cfg
                0x0800f10c        0xc C:\QMK_MSYS\tmp\ccoXnUTa.ltrans0.ltrans.o
 .rodata.usbcfg
                0x0800f118       0x10 C:\QMK_MSYS\tmp\ccoXnUTa.ltrans0.ltrans.o
 .rodata.display_setup2.11
                0x0800f128        0xd C:\QMK_MSYS\tmp\ccoXnUTa.ltrans0.ltrans.o
 .rodata.display_flipped.12
                0x0800f135        0x5 C:\QMK_MSYS\tmp\ccoXnUTa.ltrans0.ltrans.o
 .rodata.display_normal.13
                0x0800f13a        0x5 C:\QMK_MSYS\tmp\ccoXnUTa.ltrans0.ltrans.o
 .rodata.display_setup1.14
                0x0800f13f        0xb C:\QMK_MSYS\tmp\ccoXnUTa.ltrans0.ltrans.o
 .rodata.encoder_LUT
                0x0800f14a       0x10 C:\QMK_MSYS\tmp\ccoXnUTa.ltrans0.ltrans.o
 *fill*         0x0800f15a        0x2 
 .rodata.row_pins
                0x0800f15c       0x18 C:\QMK_MSYS\tmp\ccoXnUTa.ltrans0.ltrans.o
 .rodata.col_pins
                0x0800f174       0x3c C:\QMK_MSYS\tmp\ccoXnUTa.ltrans0.ltrans.o
 .rodata.keymaps
                0x0800f1b0       0xb4 C:\QMK_MSYS\tmp\ccoXnUTa.ltrans0.ltrans.o
 .rodata.CSWTCH.6
                0x0800f264       0x36 C:\QMK_MSYS\tmp\ccoXnUTa.ltrans0.ltrans.o
 *fill*         0x0800f29a        0x2 
 .rodata.i2cconfig
                0x0800f29c        0xc .build/obj_temuboard_default/i2c_master.a(i2c_master.o)
                0x0800f2a8                        . = ALIGN (0x4)
                0x0800f2a8                        __rodata_end__ = .

.ARM.extab
 *(.ARM.extab* .gnu.linkonce.armextab.*)

.ARM.exidx      0x0800f2a8        0x8
                0x0800f2a8                        __exidx_base__ = .
                0x0800f2a8                        __exidx_start = .
 *(.ARM.exidx* .gnu.linkonce.armexidx.*)
 .ARM.exidx     0x0800f2a8        0x8 C:/QMK_MSYS/opt/qmk/bin/../lib/gcc/arm-none-eabi/15.2.0/thumb/v7e-m+fp/hard\libgcc.a(_udivmoddi4.o)
                0x0800f2b0                        __exidx_end__ = .
                0x0800f2b0                        __exidx_end = .

.rel.dyn        0x0800f2b0        0x0
 .rel.iplt      0x0800f2b0        0x0 .build/obj_temuboard_default/i2c_master.a(i2c_master.o)

.eh_frame_hdr
 *(.eh_frame_hdr)

.eh_frame
 *(.eh_frame)

.data           0x20000c00      0x35c load address 0x0800f2b0
                [!provide]                        PROVIDE (_textdata = LOADADDR (.data))
                [!provide]                        PROVIDE (_data = .)
                0x0800f2b0                        __textdata_base__ = LOADADDR (.data)
                0x20000c00                        __data_base__ = .
 *(.data)
 *(.data.*)
 .data.__compound_literal.7
                0x20000c00       0x4c C:\QMK_MSYS\tmp\ccoXnUTa.ltrans0.ltrans.o
 .data.__compound_literal.3
                0x20000c4c       0x4c C:\QMK_MSYS\tmp\ccoXnUTa.ltrans0.ltrans.o
 .data.__compound_literal.2
                0x20000c98       0x4c C:\QMK_MSYS\tmp\ccoXnUTa.ltrans0.ltrans.o
 .data.__compound_literal.1.lto_priv.1
                0x20000ce4       0x4c C:\QMK_MSYS\tmp\ccoXnUTa.ltrans0.ltrans.o
 .data.__compound_literal.0.lto_priv.1
                0x20000d30       0x4c C:\QMK_MSYS\tmp\ccoXnUTa.ltrans0.ltrans.o
 .data.__compound_literal.8
                0x20000d7c        0x4 C:\QMK_MSYS\tmp\ccoXnUTa.ltrans0.ltrans.o
 .data.__compound_literal.4
                0x20000d80       0x24 C:\QMK_MSYS\tmp\ccoXnUTa.ltrans0.ltrans.o
 .data.__compound_literal.9
                0x20000da4       0x1c C:\QMK_MSYS\tmp\ccoXnUTa.ltrans0.ltrans.o
 .data.__compound_literal.5
                0x20000dc0       0x1c C:\QMK_MSYS\tmp\ccoXnUTa.ltrans0.ltrans.o
 .data.display_start.10
                0x20000ddc        0x7 C:\QMK_MSYS\tmp\ccoXnUTa.ltrans0.ltrans.o
 *fill*         0x20000de3        0x1 
 .data.func     0x20000de4        0x4 C:\QMK_MSYS\tmp\ccoXnUTa.ltrans0.ltrans.o
 .data.base_offset
                0x20000de8        0x4 C:\QMK_MSYS\tmp\ccoXnUTa.ltrans0.ltrans.o
 .data.sector_count
                0x20000dec        0x4 C:\QMK_MSYS\tmp\ccoXnUTa.ltrans0.ltrans.o
 .data.chibios_driver
                0x20000df0       0x14 C:\QMK_MSYS\tmp\ccoXnUTa.ltrans0.ltrans.o
 .data.usb_endpoints_in
                0x20000e04      0x150 C:\QMK_MSYS\tmp\ccoXnUTa.ltrans0.ltrans.o
 .data.usb_device_state
                0x20000f54        0x4 C:\QMK_MSYS\tmp\ccoXnUTa.ltrans0.ltrans.o
 .data.enabled  0x20000f58        0x1 C:\QMK_MSYS\tmp\ccoXnUTa.ltrans0.ltrans.o
 *(.ramtext)
                0x20000f5c                        . = ALIGN (0x4)
 *fill*         0x20000f59        0x3 
                [!provide]                        PROVIDE (_edata = .)
                0x20000f5c                        __data_end__ = .

.igot.plt       0x20000f5c        0x0 load address 0x0800f60c
 .igot.plt      0x20000f5c        0x0 .build/obj_temuboard_default/i2c_master.a(i2c_master.o)

.bss            0x20000f60      0xd24 load address 0x0800f60c
                0x20000f60                        __bss_base__ = .
 *(.bss)
 *(.bss.*)
 .bss.ep0setup_buffer
                0x20000f60        0x8 C:\QMK_MSYS\tmp\ccoXnUTa.ltrans0.ltrans.o
 .bss.ep0_state
                0x20000f68       0x14 C:\QMK_MSYS\tmp\ccoXnUTa.ltrans0.ltrans.o
 *fill*         0x20000f7c        0x4 
 .bss.ch_c0_idle_thread_wa
                0x20000f80      0x1e0 C:\QMK_MSYS\tmp\ccoXnUTa.ltrans0.ltrans.o
 .bss.__compound_literal.10
                0x20001160       0x30 C:\QMK_MSYS\tmp\ccoXnUTa.ltrans0.ltrans.o
 .bss.__compound_literal.6
                0x20001190       0x90 C:\QMK_MSYS\tmp\ccoXnUTa.ltrans0.ltrans.o
 .bss.__compound_literal.0.lto_priv.0
                0x20001220        0x8 C:\QMK_MSYS\tmp\ccoXnUTa.ltrans0.ltrans.o
 .bss.__compound_literal.1.lto_priv.0
                0x20001228       0x20 C:\QMK_MSYS\tmp\ccoXnUTa.ltrans0.ltrans.o
 .bss.report.2  0x20001248       0x4c C:\QMK_MSYS\tmp\ccoXnUTa.ltrans0.ltrans.o
 .bss.idle_rate.0
                0x20001294        0x1 C:\QMK_MSYS\tmp\ccoXnUTa.ltrans0.ltrans.o
 .bss.keyboard_protocol.1
                0x20001295        0x1 C:\QMK_MSYS\tmp\ccoXnUTa.ltrans0.ltrans.o
 *fill*         0x20001296        0x2 
 .bss.set_report_buf
                0x20001298        0x2 C:\QMK_MSYS\tmp\ccoXnUTa.ltrans0.ltrans.o
 .bss.is_set.1  0x2000129a        0x1 C:\QMK_MSYS\tmp\ccoXnUTa.ltrans0.ltrans.o
 .bss.SerialNumberString
                0x2000129b       0x44 C:\QMK_MSYS\tmp\ccoXnUTa.ltrans0.ltrans.o
 *fill*         0x200012df        0x1 
 .bss.descriptor.0
                0x200012e0        0x8 C:\QMK_MSYS\tmp\ccoXnUTa.ltrans0.ltrans.o
 .bss.last_consumer_usage
                0x200012e8        0x2 C:\QMK_MSYS\tmp\ccoXnUTa.ltrans0.ltrans.o
 .bss.last_system_usage
                0x200012ea        0x2 C:\QMK_MSYS\tmp\ccoXnUTa.ltrans0.ltrans.o
 .bss.sc_timer  0x200012ec        0x2 C:\QMK_MSYS\tmp\ccoXnUTa.ltrans0.ltrans.o
 .bss.current_frame
                0x200012ee        0x1 C:\QMK_MSYS\tmp\ccoXnUTa.ltrans0.ltrans.o
 *fill*         0x200012ef        0x1 
 .bss.timer     0x200012f0        0x4 C:\QMK_MSYS\tmp\ccoXnUTa.ltrans0.ltrans.o
 .bss.temp_buffer.9
                0x200012f4       0x20 C:\QMK_MSYS\tmp\ccoXnUTa.ltrans0.ltrans.o
 .bss.is_issuing_read
                0x20001314        0x1 C:\QMK_MSYS\tmp\ccoXnUTa.ltrans0.ltrans.o
 .bss.ecc_error_occurred
                0x20001315        0x1 C:\QMK_MSYS\tmp\ccoXnUTa.ltrans0.ltrans.o
 *fill*         0x20001316        0x2 
 .bss.dma       0x20001318       0x84 C:\QMK_MSYS\tmp\ccoXnUTa.ltrans0.ltrans.o
 .bss.ch_memcore
                0x2000139c        0x8 C:\QMK_MSYS\tmp\ccoXnUTa.ltrans0.ltrans.o
 *fill*         0x200013a4        0x4 
 .bss.ch0       0x200013a8       0x60 C:\QMK_MSYS\tmp\ccoXnUTa.ltrans0.ltrans.o
 .bss.wear_leveling
                0x20001408      0x408 C:\QMK_MSYS\tmp\ccoXnUTa.ltrans0.ltrans.o
 .bss.flash_erased_is_one
                0x20001810        0x1 C:\QMK_MSYS\tmp\ccoXnUTa.ltrans0.ltrans.o
 *fill*         0x20001811        0x3 
 .bss.EFLD1     0x20001814       0x24 C:\QMK_MSYS\tmp\ccoXnUTa.ltrans0.ltrans.o
 .bss.flash     0x20001838        0x4 C:\QMK_MSYS\tmp\ccoXnUTa.ltrans0.ltrans.o
 .bss.ms_offset
                0x2000183c        0x4 C:\QMK_MSYS\tmp\ccoXnUTa.ltrans0.ltrans.o
 .bss.last_ticks
                0x20001840        0x4 C:\QMK_MSYS\tmp\ccoXnUTa.ltrans0.ltrans.o
 .bss.ticks_offset
                0x20001844        0x4 C:\QMK_MSYS\tmp\ccoXnUTa.ltrans0.ltrans.o
 .bss.oled_dirty
                0x20001848        0x2 C:\QMK_MSYS\tmp\ccoXnUTa.ltrans0.ltrans.o
 *fill*         0x2000184a        0x2 
 .bss.oled_cursor
                0x2000184c        0x4 C:\QMK_MSYS\tmp\ccoXnUTa.ltrans0.ltrans.o
 .bss.oled_buffer
                0x20001850      0x200 C:\QMK_MSYS\tmp\ccoXnUTa.ltrans0.ltrans.o
 .bss.oled_scrolling
                0x20001a50        0x1 C:\QMK_MSYS\tmp\ccoXnUTa.ltrans0.ltrans.o
 .bss.oled_active
                0x20001a51        0x1 C:\QMK_MSYS\tmp\ccoXnUTa.ltrans0.ltrans.o
 .bss.oled_initialized
                0x20001a52        0x1 C:\QMK_MSYS\tmp\ccoXnUTa.ltrans0.ltrans.o
 *fill*         0x20001a53        0x1 
 .bss.oled_timeout
                0x20001a54        0x4 C:\QMK_MSYS\tmp\ccoXnUTa.ltrans0.ltrans.o
 .bss.oled_rotation_width
                0x20001a58        0x1 C:\QMK_MSYS\tmp\ccoXnUTa.ltrans0.ltrans.o
 .bss.oled_rotation
                0x20001a59        0x1 C:\QMK_MSYS\tmp\ccoXnUTa.ltrans0.ltrans.o
 .bss.event_queue
                0x20001a5a       0x10 C:\QMK_MSYS\tmp\ccoXnUTa.ltrans0.ltrans.o
 .bss.event_queue_tail
                0x20001a6a        0x1 C:\QMK_MSYS\tmp\ccoXnUTa.ltrans0.ltrans.o
 .bss.event_queue_head
                0x20001a6b        0x1 C:\QMK_MSYS\tmp\ccoXnUTa.ltrans0.ltrans.o
 .bss.last_suspend_state
                0x20001a6c        0x1 C:\QMK_MSYS\tmp\ccoXnUTa.ltrans0.ltrans.o
 *fill*         0x20001a6d        0x3 
 .bss.USBD1     0x20001a70       0x60 C:\QMK_MSYS\tmp\ccoXnUTa.ltrans0.ltrans.o
 .bss.wakeup_matrix
                0x20001ad0        0xc C:\QMK_MSYS\tmp\ccoXnUTa.ltrans0.ltrans.o
 .bss.debug_config
                0x20001adc        0x1 C:\QMK_MSYS\tmp\ccoXnUTa.ltrans0.ltrans.o
 *fill*         0x20001add        0x1 
 .bss.matrix_previous
                0x20001ade        0xc C:\QMK_MSYS\tmp\ccoXnUTa.ltrans0.ltrans.o
 *fill*         0x20001aea        0x2 
 .bss.defer_delay
                0x20001aec        0x4 C:\QMK_MSYS\tmp\ccoXnUTa.ltrans0.ltrans.o
 .bss.defer_reference_time
                0x20001af0        0x4 C:\QMK_MSYS\tmp\ccoXnUTa.ltrans0.ltrans.o
 .bss.encoder_pulses
                0x20001af4        0x1 C:\QMK_MSYS\tmp\ccoXnUTa.ltrans0.ltrans.o
 .bss.encoder_state
                0x20001af5        0x1 C:\QMK_MSYS\tmp\ccoXnUTa.ltrans0.ltrans.o
 .bss.thisCount
                0x20001af6        0x1 C:\QMK_MSYS\tmp\ccoXnUTa.ltrans0.ltrans.o
 .bss.encoder_events
                0x20001af7        0x8 C:\QMK_MSYS\tmp\ccoXnUTa.ltrans0.ltrans.o
 .bss.signal_queue_drain
                0x20001aff        0x1 C:\QMK_MSYS\tmp\ccoXnUTa.ltrans0.ltrans.o
 .bss.last_timer_w
                0x20001b00        0x2 C:\QMK_MSYS\tmp\ccoXnUTa.ltrans0.ltrans.o
 .bss.last_timer_c
                0x20001b02        0x2 C:\QMK_MSYS\tmp\ccoXnUTa.ltrans0.ltrans.o
 .bss.last_led_status.0
                0x20001b04        0x1 C:\QMK_MSYS\tmp\ccoXnUTa.ltrans0.ltrans.o
 *fill*         0x20001b05        0x3 
 .bss.report.1  0x20001b08       0x4c C:\QMK_MSYS\tmp\ccoXnUTa.ltrans0.ltrans.o
 .bss.run_idle_task
                0x20001b54        0x1 C:\QMK_MSYS\tmp\ccoXnUTa.ltrans0.ltrans.o
 *fill*         0x20001b55        0x3 
 .bss.debouncing_time.0
                0x20001b58        0x4 C:\QMK_MSYS\tmp\ccoXnUTa.ltrans0.ltrans.o
 .bss.debouncing.1
                0x20001b5c        0x1 C:\QMK_MSYS\tmp\ccoXnUTa.ltrans0.ltrans.o
 *fill*         0x20001b5d        0x1 
 .bss.matrix    0x20001b5e        0xc C:\QMK_MSYS\tmp\ccoXnUTa.ltrans0.ltrans.o
 .bss.raw_matrix
                0x20001b6a        0xc C:\QMK_MSYS\tmp\ccoXnUTa.ltrans0.ltrans.o
 .bss.last_tick.0
                0x20001b76        0x2 C:\QMK_MSYS\tmp\ccoXnUTa.ltrans0.ltrans.o
 .bss.last_report.0
                0x20001b78       0x20 C:\QMK_MSYS\tmp\ccoXnUTa.ltrans0.ltrans.o
 .bss.driver    0x20001b98        0x4 C:\QMK_MSYS\tmp\ccoXnUTa.ltrans0.ltrans.o
 .bss.last_report.1
                0x20001b9c        0x8 C:\QMK_MSYS\tmp\ccoXnUTa.ltrans0.ltrans.o
 .bss.source_layers_cache
                0x20001ba4       0x30 C:\QMK_MSYS\tmp\ccoXnUTa.ltrans0.ltrans.o
 .bss.mousekey_accel
                0x20001bd4        0x1 C:\QMK_MSYS\tmp\ccoXnUTa.ltrans0.ltrans.o
 .bss.mousekey_wheel_repeat
                0x20001bd5        0x1 C:\QMK_MSYS\tmp\ccoXnUTa.ltrans0.ltrans.o
 .bss.mousekey_repeat
                0x20001bd6        0x1 C:\QMK_MSYS\tmp\ccoXnUTa.ltrans0.ltrans.o
 .bss.mouse_report
                0x20001bd7        0x6 C:\QMK_MSYS\tmp\ccoXnUTa.ltrans0.ltrans.o
 .bss.weak_override_mods
                0x20001bdd        0x1 C:\QMK_MSYS\tmp\ccoXnUTa.ltrans0.ltrans.o
 .bss.suppressed_mods
                0x20001bde        0x1 C:\QMK_MSYS\tmp\ccoXnUTa.ltrans0.ltrans.o
 .bss.active_override_trigger_is_down
                0x20001bdf        0x1 C:\QMK_MSYS\tmp\ccoXnUTa.ltrans0.ltrans.o
 .bss.active_override
                0x20001be0        0x4 C:\QMK_MSYS\tmp\ccoXnUTa.ltrans0.ltrans.o
 .bss.deferred_register
                0x20001be4        0x2 C:\QMK_MSYS\tmp\ccoXnUTa.ltrans0.ltrans.o
 *fill*         0x20001be6        0x2 
 .bss.last_key_down_time
                0x20001be8        0x4 C:\QMK_MSYS\tmp\ccoXnUTa.ltrans0.ltrans.o
 .bss.last_key_down
                0x20001bec        0x2 C:\QMK_MSYS\tmp\ccoXnUTa.ltrans0.ltrans.o
 .bss.sc_last   0x20001bee        0x1 C:\QMK_MSYS\tmp\ccoXnUTa.ltrans0.ltrans.o
 .bss.grave_esc_was_shifted
                0x20001bef        0x1 C:\QMK_MSYS\tmp\ccoXnUTa.ltrans0.ltrans.o
 .bss.real_mods
                0x20001bf0        0x1 C:\QMK_MSYS\tmp\ccoXnUTa.ltrans0.ltrans.o
 .bss.oneshot_mods
                0x20001bf1        0x1 C:\QMK_MSYS\tmp\ccoXnUTa.ltrans0.ltrans.o
 .bss.oneshot_locked_mods
                0x20001bf2        0x1 C:\QMK_MSYS\tmp\ccoXnUTa.ltrans0.ltrans.o
 *fill*         0x20001bf3        0x1 
 .bss.default_layer_state
                0x20001bf4        0x2 C:\QMK_MSYS\tmp\ccoXnUTa.ltrans0.ltrans.o
 .bss.layer_state
                0x20001bf6        0x2 C:\QMK_MSYS\tmp\ccoXnUTa.ltrans0.ltrans.o
 .bss.oneshot_layer_data
                0x20001bf8        0x1 C:\QMK_MSYS\tmp\ccoXnUTa.ltrans0.ltrans.o
 *fill*         0x20001bf9        0x1 
 .bss.keymap_config
                0x20001bfa        0x2 C:\QMK_MSYS\tmp\ccoXnUTa.ltrans0.ltrans.o
 .bss.weak_mods
                0x20001bfc        0x1 C:\QMK_MSYS\tmp\ccoXnUTa.ltrans0.ltrans.o
 .bss.waiting_buffer_head
                0x20001bfd        0x1 C:\QMK_MSYS\tmp\ccoXnUTa.ltrans0.ltrans.o
 .bss.waiting_buffer_tail
                0x20001bfe        0x1 C:\QMK_MSYS\tmp\ccoXnUTa.ltrans0.ltrans.o
 *fill*         0x20001bff        0x1 
 .bss.waiting_buffer
                0x20001c00       0x40 C:\QMK_MSYS\tmp\ccoXnUTa.ltrans0.ltrans.o
 .bss.tapping_key
                0x20001c40        0x8 C:\QMK_MSYS\tmp\ccoXnUTa.ltrans0.ltrans.o
 .bss.is_initialised.0
                0x20001c48        0x1 .build/obj_temuboard_default/i2c_master.a(i2c_master.o)
 *(COMMON)
 *fill*         0x20001c49        0x3 
 COMMON         0x20001c4c       0x38 C:\QMK_MSYS\tmp\ccoXnUTa.ltrans0.ltrans.o
                0x20001c4c                I2CD1
                0x20001c84                        . = ALIGN (0x4)
                0x20001c84                        __bss_end__ = .
                [!provide]                        PROVIDE (end = .)
                0x20000000                        __ram0_base__ = ORIGIN (ram0)
                0x00020000                        __ram0_size__ = LENGTH (ram0)
                0x20020000                        __ram0_end__ = (__ram0_base__ + __ram0_size__)
                0x20000000                        __ram1_base__ = ORIGIN (ram1)
                0x0001c000                        __ram1_size__ = LENGTH (ram1)
                0x2001c000                        __ram1_end__ = (__ram1_base__ + __ram1_size__)
                0x2001c000                        __ram2_base__ = ORIGIN (ram2)
                0x00004000                        __ram2_size__ = LENGTH (ram2)
                0x20020000                        __ram2_end__ = (__ram2_base__ + __ram2_size__)
                0x00000000                        __ram3_base__ = ORIGIN (ram3)
                0x00000000                        __ram3_size__ = LENGTH (ram3)
                0x00000000                        __ram3_end__ = (__ram3_base__ + __ram3_size__)
                0x10000000                        __ram4_base__ = ORIGIN (ram4)
                0x00010000                        __ram4_size__ = LENGTH (ram4)
                0x10010000                        __ram4_end__ = (__ram4_base__ + __ram4_size__)
                0x40024000                        __ram5_base__ = ORIGIN (ram5)
                0x00001000                        __ram5_size__ = LENGTH (ram5)
                0x40025000                        __ram5_end__ = (__ram5_base__ + __ram5_size__)
                0x00000000                        __ram6_base__ = ORIGIN (ram6)
                0x00000000                        __ram6_size__ = LENGTH (ram6)
                0x00000000                        __ram6_end__ = (__ram6_base__ + __ram6_size__)
                0x00000000                        __ram7_base__ = ORIGIN (ram7)
                0x00000000                        __ram7_size__ = LENGTH (ram7)
                0x00000000                        __ram7_end__ = (__ram7_base__ + __ram7_size__)
                0x08000000                        __flash0_base__ = ORIGIN (flash0)
                0x00004000                        __flash0_size__ = LENGTH (flash0)
                0x08004000                        __flash0_end__ = (__flash0_base__ + __flash0_size__)
                0x08004000                        __flash1_base__ = ORIGIN (flash1)
                0x00004000                        __flash1_size__ = LENGTH (flash1)
                0x08008000                        __flash1_end__ = (__flash1_base__ + __flash1_size__)
                0x08008000                        __flash2_base__ = ORIGIN (flash2)
                0x000f8000                        __flash2_size__ = LENGTH (flash2)
                0x08100000                        __flash2_end__ = (__flash2_base__ + __flash2_size__)
                0x00000000                        __flash3_base__ = ORIGIN (flash3)
                0x00000000                        __flash3_size__ = LENGTH (flash3)
                0x00000000                        __flash3_end__ = (__flash3_base__ + __flash3_size__)
                0x00000000                        __flash4_base__ = ORIGIN (flash4)
                0x00000000                        __flash4_size__ = LENGTH (flash4)
                0x00000000                        __flash4_end__ = (__flash4_base__ + __flash4_size__)
                0x00000000                        __flash5_base__ = ORIGIN (flash5)
                0x00000000                        __flash5_size__ = LENGTH (flash5)
                0x00000000                        __flash5_end__ = (__flash5_base__ + __flash5_size__)
                0x00000000                        __flash6_base__ = ORIGIN (flash6)
                0x00000000                        __flash6_size__ = LENGTH (flash6)
                0x00000000                        __flash6_end__ = (__flash6_base__ + __flash6_size__)
                0x00000000                        __flash7_base__ = ORIGIN (flash7)
                0x00000000                        __flash7_size__ = LENGTH (flash7)
                0x00000000                        __flash7_end__ = (__flash7_base__ + __flash7_size__)

.ram0_init      0x20001c84        0x0 load address 0x0800f60c
                0x0800f60c                        __ram0_init_text__ = LOADADDR (.ram0_init)
                0x20001c84                        __ram0_init__ = .
 *(.ram0_init)
 *(.ram0_init.*)
                0x20001c84                        . = ALIGN (0x4)

.ram0           0x20001c84        0x0 load address 0x0800f60c
                0x20001c84                        __ram0_clear__ = .
 *(.ram0_clear)
 *(.ram0_clear.*)
                0x20001c84                        . = ALIGN (0x4)
                0x20001c84                        __ram0_noinit__ = .
 *(.ram0)
 *(.ram0.*)
                0x20001c84                        . = ALIGN (0x4)
                0x20001c84                        __ram0_free__ = .

.ram1_init      0x20000000        0x0 load address 0x0800f60c
                0x0800f60c                        __ram1_init_text__ = LOADADDR (.ram1_init)
                0x20000000                        __ram1_init__ = .
 *(.ram1_init)
 *(.ram1_init.*)
                0x20000000                        . = ALIGN (0x4)

.ram1           0x20000000        0x0 load address 0x0800f60c
                0x20000000                        __ram1_clear__ = .
 *(.ram1_clear)
 *(.ram1_clear.*)
                0x20000000                        . = ALIGN (0x4)
                0x20000000                        __ram1_noinit__ = .
 *(.ram1)
 *(.ram1.*)
                0x20000000                        . = ALIGN (0x4)
                0x20000000                        __ram1_free__ = .

.ram2_init      0x2001c000        0x0 load address 0x0800f60c
                0x0800f60c                        __ram2_init_text__ = LOADADDR (.ram2_init)
                0x2001c000                        __ram2_init__ = .
 *(.ram2_init)
 *(.ram2_init.*)
                0x2001c000                        . = ALIGN (0x4)

.ram2           0x2001c000        0x0 load address 0x0800f60c
                0x2001c000                        __ram2_clear__ = .
 *(.ram2_clear)
 *(.ram2_clear.*)
                0x2001c000                        . = ALIGN (0x4)
                0x2001c000                        __ram2_noinit__ = .
 *(.ram2)
 *(.ram2.*)
                0x2001c000                        . = ALIGN (0x4)
                0x2001c000                        __ram2_free__ = .

.ram3_init      0x00000000        0x0 load address 0x0800f60c
                0x0800f60c                        __ram3_init_text__ = LOADADDR (.ram3_init)
                0x00000000                        __ram3_init__ = .
 *(.ram3_init)
 *(.ram3_init.*)
                0x00000000                        . = ALIGN (0x4)

.ram3           0x00000000        0x0 load address 0x0800f60c
                0x00000000                        __ram3_clear__ = .
 *(.ram3_clear)
 *(.ram3_clear.*)
                0x00000000                        . = ALIGN (0x4)
                0x00000000                        __ram3_noinit__ = .
 *(.ram3)
 *(.ram3.*)
                0x00000000                        . = ALIGN (0x4)
                0x00000000                        __ram3_free__ = .

.ram4_init      0x10000000        0x0 load address 0x0800f60c
                0x0800f60c                        __ram4_init_text__ = LOADADDR (.ram4_init)
                0x10000000                        __ram4_init__ = .
 *(.ram4_init)
 *(.ram4_init.*)
                0x10000000                        . = ALIGN (0x4)

.ram4           0x10000000        0x0 load address 0x0800f60c
                0x10000000                        __ram4_clear__ = .
 *(.ram4_clear)
 *(.ram4_clear.*)
                0x10000000                        . = ALIGN (0x4)
                0x10000000                        __ram4_noinit__ = .
 *(.ram4)
 *(.ram4.*)
                0x10000000                        . = ALIGN (0x4)
                0x10000000                        __ram4_free__ = .

.ram5_init      0x40024000        0x0 load address 0x0800f60c
                0x0800f60c                        __ram5_init_text__ = LOADADDR (.ram5_init)
                0x40024000                        __ram5_init__ = .
 *(.ram5_init)
 *(.ram5_init.*)
                0x40024000                        . = ALIGN (0x4)

.ram5           0x40024000        0x0 load address 0x0800f60c
                0x40024000                        __ram5_clear__ = .
 *(.ram5_clear)
 *(.ram5_clear.*)
                0x40024000                        . = ALIGN (0x4)
                0x40024000                        __ram5_noinit__ = .
 *(.ram5)
 *(.ram5.*)
                0x40024000                        . = ALIGN (0x4)
                0x40024000                        __ram5_free__ = .

.ram6_init      0x00000000        0x0 load address 0x0800f60c
                0x0800f60c                        __ram6_init_text__ = LOADADDR (.ram6_init)
                0x00000000                        __ram6_init__ = .
 *(.ram6_init)
 *(.ram6_init.*)
                0x00000000                        . = ALIGN (0x4)

.ram6           0x00000000        0x0 load address 0x0800f60c
                0x00000000                        __ram6_clear__ = .
 *(.ram6_clear)
 *(.ram6_clear.*)
                0x00000000                        . = ALIGN (0x4)
                0x00000000                        __ram6_noinit__ = .
 *(.ram6)
 *(.ram6.*)
                0x00000000                        . = ALIGN (0x4)
                0x00000000                        __ram6_free__ = .

.ram7_init      0x00000000        0x0 load address 0x0800f60c
                0x0800f60c                        __ram7_init_text__ = LOADADDR (.ram7_init)
                0x00000000                        __ram7_init__ = .
 *(.ram7_init)
 *(.ram7_init.*)
                0x00000000                        . = ALIGN (0x4)

.ram7           0x00000000        0x0 load address 0x0800f60c
                0x00000000                        __ram7_clear__ = .
 *(.ram7_clear)
 *(.ram7_clear.*)
                0x00000000                        . = ALIGN (0x4)
                0x00000000                        __ram7_noinit__ = .
 *(.ram7)
 *(.ram7.*)
                0x00000000                        . = ALIGN (0x4)
                0x00000000                        __ram7_free__ = .

.flash0         0x080001e0        0x0
                0x080001e0                        __flash0_init__ = .
 *(.flash0_init)
 *(.flash0_init.*)
                0x080001e0                        __flash0_free__ = .

.flash1         0x08004000        0x0
                0x08004000                        __flash1_init__ = .
 *(.flash1_init)
 *(.flash1_init.*)
                0x08004000                        __flash1_free__ = .

.flash2         0x0800f60c        0x0
                0x0800f60c                        __flash2_init__ = .
 *(.flash2_init)
 *(.flash2_init.*)
                0x0800f60c                        __flash2_free__ = .

.flash3         0x00000000        0x0
                0x00000000                        __flash3_init__ = .
 *(.flash3_init)
 *(.flash3_init.*)
                0x00000000                        __flash3_free__ = .

.flash4         0x00000000        0x0
                0x00000000                        __flash4_init__ = .
 *(.flash4_init)
 *(.flash4_init.*)
                0x00000000                        __flash4_free__ = .

.flash5         0x00000000        0x0
                0x00000000                        __flash5_init__ = .
 *(.flash5_init)
 *(.flash5_init.*)
                0x00000000                        __flash5_free__ = .

.flash6         0x00000000        0x0
                0x00000000                        __flash6_init__ = .
 *(.flash6_init)
 *(.flash6_init.*)
                0x00000000                        __flash6_free__ = .

.flash7         0x00000000        0x0
                0x00000000                        __flash7_init__ = .
 *(.flash7_init)
 *(.flash7_init.*)
                0x00000000                        __flash7_free__ = .

.heap           0x20001c84    0x1e37c
                0x20001c88                        . = ALIGN (0x8)
 *fill*         0x20001c84        0x4 
                0x20001c88                        __heap_base__ = .
                0x20020000                        . = (ORIGIN (HEAP_RAM) + LENGTH (HEAP_RAM))
 *fill*         0x20001c88    0x1e378 
                0x20020000                        __heap_end__ = .
OUTPUT(.build/temuboard_default.elf elf32-littlearm)
LOAD linker stubs

.comment        0x00000000       0x4c
 .comment       0x00000000       0x4d C:\QMK_MSYS\tmp\ccoXnUTa.ltrans0.ltrans.o
 .comment       0x00000000       0x4c .build/obj_temuboard_default/i2c_master.a(i2c_master.o)
                                 0x4d (size before relaxing)
 .comment       0x0000004c       0x4d C:/QMK_MSYS/opt/qmk/bin/../lib/gcc/arm-none-eabi/15.2.0/thumb/v7e-m+fp/hard\libgcc.a(_udivmoddi4.o)
 .comment       0x0000004c       0x4d C:/QMK_MSYS/opt/qmk/bin/../lib/gcc/arm-none-eabi/15.2.0/../../../../arm-none-eabi/lib/thumb/v7e-m+fp/hard\libc_nano.a(libc_a-memset.o)
 .comment       0x0000004c       0x4d C:/QMK_MSYS/opt/qmk/bin/../lib/gcc/arm-none-eabi/15.2.0/../../../../arm-none-eabi/lib/thumb/v7e-m+fp/hard\libc_nano.a(libc_a-memcpy-stub.o)
 .comment       0x0000004c       0x4d C:/QMK_MSYS/opt/qmk/bin/../lib/gcc/arm-none-eabi/15.2.0/../../../../arm-none-eabi/lib/thumb/v7e-m+fp/hard\libc_nano.a(libc_a-memcmp.o)

.ARM.attributes
                0x00000000       0x32
 .ARM.attributes
                0x00000000       0x30 C:\QMK_MSYS\tmp\ccoXnUTa.ltrans0.ltrans.o
 .ARM.attributes
                0x00000030       0x32 .build/obj_temuboard_default/i2c_master.a(i2c_master.o)
 .ARM.attributes
                0x00000062       0x25 .build/obj_temuboard_default/./lib/chibios/os/common/startup/ARMCMx/compilers/GCC/crt0_v7m.o
 .ARM.attributes
                0x00000087       0x25 .build/obj_temuboard_default/./lib/chibios/os/common/startup/ARMCMx/compilers/GCC/vectors.o
 .ARM.attributes
                0x000000ac       0x25 .build/obj_temuboard_default/./lib/chibios/os/common/ports/ARMv7-M/compilers/GCC/chcoreasm.o
 .ARM.attributes
                0x000000d1       0x22 C:/QMK_MSYS/opt/qmk/bin/../lib/gcc/arm-none-eabi/15.2.0/thumb/v7e-m+fp/hard\libgcc.a(_aeabi_uldivmod.o)
 .ARM.attributes
                0x000000f3       0x34 C:/QMK_MSYS/opt/qmk/bin/../lib/gcc/arm-none-eabi/15.2.0/thumb/v7e-m+fp/hard\libgcc.a(_udivmoddi4.o)
 .ARM.attributes
                0x00000127       0x22 C:/QMK_MSYS/opt/qmk/bin/../lib/gcc/arm-none-eabi/15.2.0/thumb/v7e-m+fp/hard\libgcc.a(_dvmd_tls.o)
 .ARM.attributes
                0x00000149       0x34 C:/QMK_MSYS/opt/qmk/bin/../lib/gcc/arm-none-eabi/15.2.0/../../../../arm-none-eabi/lib/thumb/v7e-m+fp/hard\libc_nano.a(libc_a-memset.o)
 .ARM.attributes
                0x0000017d       0x34 C:/QMK_MSYS/opt/qmk/bin/../lib/gcc/arm-none-eabi/15.2.0/../../../../arm-none-eabi/lib/thumb/v7e-m+fp/hard\libc_nano.a(libc_a-memcpy-stub.o)
 .ARM.attributes
                0x000001b1       0x34 C:/QMK_MSYS/opt/qmk/bin/../lib/gcc/arm-none-eabi/15.2.0/../../../../arm-none-eabi/lib/thumb/v7e-m+fp/hard\libc_nano.a(libc_a-memcmp.o)

Cross Reference Table

Symbol                                            File
BusFault_Handler                                  .build/obj_temuboard_default/./lib/chibios/os/common/startup/ARMCMx/compilers/GCC/vectors.o
ConfigurationDescriptor                           .build/obj_temuboard_default/usb_descriptor.o (symbol from plugin)
DebugMon_Handler                                  .build/obj_temuboard_default/./lib/chibios/os/common/startup/ARMCMx/compilers/GCC/vectors.o
DeviceDescriptor                                  .build/obj_temuboard_default/usb_descriptor.o (symbol from plugin)
EFLD1                                             .build/obj_temuboard_default/lib/chibios/os/hal/ports/STM32/STM32F4xx/hal_efl_lld.o (symbol from plugin)
                                                  .build/obj_temuboard_default/wear_leveling_efl.o (symbol from plugin)
HardFault_Handler                                 .build/obj_temuboard_default/./lib/chibios/os/common/startup/ARMCMx/compilers/GCC/vectors.o
I2CD1                                             C:\QMK_MSYS\tmp\ccoXnUTa.ltrans0.ltrans.o
                                                  .build/obj_temuboard_default/lib/chibios/os/hal/ports/STM32/LLD/I2Cv1/hal_i2c_lld.o (symbol from plugin)
                                                  .build/obj_temuboard_default/i2c_master.a(i2c_master.o)
KeyboardReport                                    .build/obj_temuboard_default/usb_descriptor.o (symbol from plugin)
LanguageString                                    .build/obj_temuboard_default/usb_descriptor.o (symbol from plugin)
ManufacturerString                                .build/obj_temuboard_default/usb_descriptor.o (symbol from plugin)
MemManage_Handler                                 .build/obj_temuboard_default/./lib/chibios/os/common/startup/ARMCMx/compilers/GCC/vectors.o
NMI_Handler                                       .build/obj_temuboard_default/./lib/chibios/os/common/startup/ARMCMx/compilers/GCC/vectors.o
PendSV_Handler                                    .build/obj_temuboard_default/./lib/chibios/os/common/startup/ARMCMx/compilers/GCC/vectors.o
ProductString                                     .build/obj_temuboard_default/usb_descriptor.o (symbol from plugin)
Reset_Handler                                     .build/obj_temuboard_default/./lib/chibios/os/common/startup/ARMCMx/compilers/GCC/vectors.o
SVC_Handler                                       C:\QMK_MSYS\tmp\ccoXnUTa.ltrans0.ltrans.o
                                                  .build/obj_temuboard_default/lib/chibios/os/common/ports/ARMv7-M/chcore.o (symbol from plugin)
                                                  .build/obj_temuboard_default/./lib/chibios/os/common/startup/ARMCMx/compilers/GCC/vectors.o
SecureFault_Handler                               .build/obj_temuboard_default/./lib/chibios/os/common/startup/ARMCMx/compilers/GCC/vectors.o
SerialNumberString                                .build/obj_temuboard_default/usb_descriptor.o (symbol from plugin)
SharedReport                                      .build/obj_temuboard_default/usb_descriptor.o (symbol from plugin)
SysTick_Handler                                   .build/obj_temuboard_default/./lib/chibios/os/common/startup/ARMCMx/compilers/GCC/vectors.o
SystemCoreClock                                   .build/obj_temuboard_default/lib/chibios/os/hal/ports/STM32/STM32F4xx/hal_lld.o (symbol from plugin)
USBD1                                             .build/obj_temuboard_default/lib/chibios/os/hal/ports/STM32/LLD/OTGv1/hal_usb_lld.o (symbol from plugin)
                                                  .build/obj_temuboard_default/protocol/chibios/usb_util.o (symbol from plugin)
                                                  .build/obj_temuboard_default/protocol/chibios/usb_endpoints.o (symbol from plugin)
                                                  .build/obj_temuboard_default/protocol/chibios/chibios.o (symbol from plugin)
                                                  .build/obj_temuboard_default/protocol/chibios/usb_main.o (symbol from plugin)
UsageFault_Handler                                .build/obj_temuboard_default/./lib/chibios/os/common/startup/ARMCMx/compilers/GCC/vectors.o
Vector100                                         .build/obj_temuboard_default/./lib/chibios/os/common/startup/ARMCMx/compilers/GCC/vectors.o
Vector104                                         .build/obj_temuboard_default/./lib/chibios/os/common/startup/ARMCMx/compilers/GCC/vectors.o
Vector108                                         .build/obj_temuboard_default/./lib/chibios/os/common/startup/ARMCMx/compilers/GCC/vectors.o
Vector10C                                         .build/obj_temuboard_default/./lib/chibios/os/common/startup/ARMCMx/compilers/GCC/vectors.o
Vector110                                         .build/obj_temuboard_default/./lib/chibios/os/common/startup/ARMCMx/compilers/GCC/vectors.o
Vector114                                         .build/obj_temuboard_default/./lib/chibios/os/common/startup/ARMCMx/compilers/GCC/vectors.o
Vector118                                         .build/obj_temuboard_default/./lib/chibios/os/common/startup/ARMCMx/compilers/GCC/vectors.o
Vector11C                                         .build/obj_temuboard_default/./lib/chibios/os/common/startup/ARMCMx/compilers/GCC/vectors.o
Vector120                                         C:\QMK_MSYS\tmp\ccoXnUTa.ltrans0.ltrans.o
                                                  .build/obj_temuboard_default/lib/chibios/os/hal/ports/STM32/LLD/DMAv2/stm32_dma.o (symbol from plugin)
                                                  .build/obj_temuboard_default/./lib/chibios/os/common/startup/ARMCMx/compilers/GCC/vectors.o
Vector124                                         C:\QMK_MSYS\tmp\ccoXnUTa.ltrans0.ltrans.o
                                                  .build/obj_temuboard_default/lib/chibios/os/hal/ports/STM32/LLD/DMAv2/stm32_dma.o (symbol from plugin)
                                                  .build/obj_temuboard_default/./lib/chibios/os/common/startup/ARMCMx/compilers/GCC/vectors.o
Vector128                                         C:\QMK_MSYS\tmp\ccoXnUTa.ltrans0.ltrans.o
                                                  .build/obj_temuboard_default/lib/chibios/os/hal/ports/STM32/LLD/DMAv2/stm32_dma.o (symbol from plugin)
                                                  .build/obj_temuboard_default/./lib/chibios/os/common/startup/ARMCMx/compilers/GCC/vectors.o
Vector12C                                         C:\QMK_MSYS\tmp\ccoXnUTa.ltrans0.ltrans.o
                                                  .build/obj_temuboard_default/lib/chibios/os/hal/ports/STM32/LLD/DMAv2/stm32_dma.o (symbol from plugin)
                                                  .build/obj_temuboard_default/./lib/chibios/os/common/startup/ARMCMx/compilers/GCC/vectors.o
Vector130                                         C:\QMK_MSYS\tmp\ccoXnUTa.ltrans0.ltrans.o
                                                  .build/obj_temuboard_default/lib/chibios/os/hal/ports/STM32/LLD/DMAv2/stm32_dma.o (symbol from plugin)
                                                  .build/obj_temuboard_default/./lib/chibios/os/common/startup/ARMCMx/compilers/GCC/vectors.o
Vector134                                         .build/obj_temuboard_default/./lib/chibios/os/common/startup/ARMCMx/compilers/GCC/vectors.o
Vector138                                         .build/obj_temuboard_default/./lib/chibios/os/common/startup/ARMCMx/compilers/GCC/vectors.o
Vector13C                                         .build/obj_temuboard_default/./lib/chibios/os/common/startup/ARMCMx/compilers/GCC/vectors.o
Vector140                                         .build/obj_temuboard_default/./lib/chibios/os/common/startup/ARMCMx/compilers/GCC/vectors.o
Vector144                                         .build/obj_temuboard_default/./lib/chibios/os/common/startup/ARMCMx/compilers/GCC/vectors.o
Vector148                                         .build/obj_temuboard_default/./lib/chibios/os/common/startup/ARMCMx/compilers/GCC/vectors.o
Vector14C                                         C:\QMK_MSYS\tmp\ccoXnUTa.ltrans0.ltrans.o
                                                  .build/obj_temuboard_default/lib/chibios/os/hal/ports/STM32/LLD/OTGv1/hal_usb_lld.o (symbol from plugin)
                                                  .build/obj_temuboard_default/./lib/chibios/os/common/startup/ARMCMx/compilers/GCC/vectors.o
Vector150                                         C:\QMK_MSYS\tmp\ccoXnUTa.ltrans0.ltrans.o
                                                  .build/obj_temuboard_default/lib/chibios/os/hal/ports/STM32/LLD/DMAv2/stm32_dma.o (symbol from plugin)
                                                  .build/obj_temuboard_default/./lib/chibios/os/common/startup/ARMCMx/compilers/GCC/vectors.o
Vector154                                         C:\QMK_MSYS\tmp\ccoXnUTa.ltrans0.ltrans.o
                                                  .build/obj_temuboard_default/lib/chibios/os/hal/ports/STM32/LLD/DMAv2/stm32_dma.o (symbol from plugin)
                                                  .build/obj_temuboard_default/./lib/chibios/os/common/startup/ARMCMx/compilers/GCC/vectors.o
Vector158                                         C:\QMK_MSYS\tmp\ccoXnUTa.ltrans0.ltrans.o
                                                  .build/obj_temuboard_default/lib/chibios/os/hal/ports/STM32/LLD/DMAv2/stm32_dma.o (symbol from plugin)
                                                  .build/obj_temuboard_default/./lib/chibios/os/common/startup/ARMCMx/compilers/GCC/vectors.o
Vector15C                                         .build/obj_temuboard_default/./lib/chibios/os/common/startup/ARMCMx/compilers/GCC/vectors.o
Vector160                                         .build/obj_temuboard_default/./lib/chibios/os/common/startup/ARMCMx/compilers/GCC/vectors.o
Vector164                                         .build/obj_temuboard_default/./lib/chibios/os/common/startup/ARMCMx/compilers/GCC/vectors.o
Vector168                                         .build/obj_temuboard_default/./lib/chibios/os/common/startup/ARMCMx/compilers/GCC/vectors.o
Vector16C                                         .build/obj_temuboard_default/./lib/chibios/os/common/startup/ARMCMx/compilers/GCC/vectors.o
Vector170                                         .build/obj_temuboard_default/./lib/chibios/os/common/startup/ARMCMx/compilers/GCC/vectors.o
Vector174                                         .build/obj_temuboard_default/./lib/chibios/os/common/startup/ARMCMx/compilers/GCC/vectors.o
Vector178                                         .build/obj_temuboard_default/./lib/chibios/os/common/startup/ARMCMx/compilers/GCC/vectors.o
Vector17C                                         .build/obj_temuboard_default/./lib/chibios/os/common/startup/ARMCMx/compilers/GCC/vectors.o
Vector180                                         .build/obj_temuboard_default/./lib/chibios/os/common/startup/ARMCMx/compilers/GCC/vectors.o
Vector184                                         .build/obj_temuboard_default/./lib/chibios/os/common/startup/ARMCMx/compilers/GCC/vectors.o
Vector188                                         .build/obj_temuboard_default/./lib/chibios/os/common/startup/ARMCMx/compilers/GCC/vectors.o
Vector18C                                         .build/obj_temuboard_default/./lib/chibios/os/common/startup/ARMCMx/compilers/GCC/vectors.o
Vector190                                         .build/obj_temuboard_default/./lib/chibios/os/common/startup/ARMCMx/compilers/GCC/vectors.o
Vector194                                         .build/obj_temuboard_default/./lib/chibios/os/common/startup/ARMCMx/compilers/GCC/vectors.o
Vector198                                         .build/obj_temuboard_default/./lib/chibios/os/common/startup/ARMCMx/compilers/GCC/vectors.o
Vector19C                                         .build/obj_temuboard_default/./lib/chibios/os/common/startup/ARMCMx/compilers/GCC/vectors.o
Vector1A0                                         .build/obj_temuboard_default/./lib/chibios/os/common/startup/ARMCMx/compilers/GCC/vectors.o
Vector1A4                                         .build/obj_temuboard_default/./lib/chibios/os/common/startup/ARMCMx/compilers/GCC/vectors.o
Vector1A8                                         .build/obj_temuboard_default/./lib/chibios/os/common/startup/ARMCMx/compilers/GCC/vectors.o
Vector1AC                                         .build/obj_temuboard_default/./lib/chibios/os/common/startup/ARMCMx/compilers/GCC/vectors.o
Vector1B0                                         .build/obj_temuboard_default/./lib/chibios/os/common/startup/ARMCMx/compilers/GCC/vectors.o